
> reginsa@1.0.0 test:02:fast
> powershell -ExecutionPolicy Bypass -File scripts/run-test02-fast.ps1 --workers=3 --repeat-each=12 --project=chromium

REGINSA_REPEAT_EACH sincronizado desde --repeat-each: 12
Ejecutando Caso 02 en modo fast...
[global-setup] Credencial activa detectada desde REGINSA_USER/REGINSA_PASS

Running 12 tests using 3 workers

[1A[2K[1/12] [chromium] › tests\casos-prueba\02-registrar-sancion.spec.ts:51:5 › 02-REGISTRAR SANCIÓN: 8 sanciones para 1 administrado
[1A[2K[2/12] [chromium] › tests\casos-prueba\02-registrar-sancion.spec.ts:51:5 › 02-REGISTRAR SANCIÓN: 8 sanciones para 1 administrado
[1A[2K[3/12] [chromium] › tests\casos-prueba\02-registrar-sancion.spec.ts:51:5 › 02-REGISTRAR SANCIÓN: 8 sanciones para 1 administrado
[1A[2K[chromium] › tests\casos-prueba\02-registrar-sancion.spec.ts:51:5 › 02-REGISTRAR SANCIÓN: 8 sanciones para 1 administrado

================================================================================

[1A[2K⚖️ CASO 02: REGISTRAR SANCIÓN

[1A[2K================================================================================


[1A[2K
══════════════════════════════════════════════════════════════════════════════════════════

[1A[2K🔐 LOGIN Y NAVEGACIÓN

[1A[2K══════════════════════════════════════════════════════════════════════════════════════════

[1A[2K🔐 INICIALIZANDO SESIÓN Y NAVEGACIÓN...

[1A[2K🔁 Pool paralelo activo: 8 usuarios disponibles.

[1A[2K👥 Usuarios disponibles: lizvidal, lgvidalm, lgvidal, lgvm, lizividal, lizitavidal, pattyvidal, hannavidal

[1A[2K👤 Usuario asignado: lgvidalm (worker 1)

[1A[2K[chromium] › tests\casos-prueba\02-registrar-sancion.spec.ts:51:5 › 02-REGISTRAR SANCIÓN: 8 sanciones para 1 administrado

================================================================================

[1A[2K⚖️ CASO 02: REGISTRAR SANCIÓN

[1A[2K================================================================================


[1A[2K
══════════════════════════════════════════════════════════════════════════════════════════

[1A[2K🔐 LOGIN Y NAVEGACIÓN

[1A[2K══════════════════════════════════════════════════════════════════════════════════════════

[1A[2K🔐 INICIALIZANDO SESIÓN Y NAVEGACIÓN...

[1A[2K🔁 Pool paralelo activo: 8 usuarios disponibles.

[1A[2K👥 Usuarios disponibles: lizvidal, lgvidalm, lgvidal, lgvm, lizividal, lizitavidal, pattyvidal, hannavidal

[1A[2K👤 Usuario asignado: lizvidal (worker 0)

[1A[2K[chromium] › tests\casos-prueba\02-registrar-sancion.spec.ts:51:5 › 02-REGISTRAR SANCIÓN: 8 sanciones para 1 administrado

================================================================================

[1A[2K⚖️ CASO 02: REGISTRAR SANCIÓN

[1A[2K================================================================================


[1A[2K
══════════════════════════════════════════════════════════════════════════════════════════

[1A[2K🔐 LOGIN Y NAVEGACIÓN

[1A[2K══════════════════════════════════════════════════════════════════════════════════════════

[1A[2K🔐 INICIALIZANDO SESIÓN Y NAVEGACIÓN...

[1A[2K🔁 Pool paralelo activo: 8 usuarios disponibles.

[1A[2K👥 Usuarios disponibles: lizvidal, lgvidalm, lgvidal, lgvm, lizividal, lizitavidal, pattyvidal, hannavidal

[1A[2K👤 Usuario asignado: lgvidal (worker 2)

[1A[2K✅ Sesión iniciada

[1A[2K[chromium] › tests\casos-prueba\02-registrar-sancion.spec.ts:51:5 › 02-REGISTRAR SANCIÓN: 8 sanciones para 1 administrado
✅ Sesión iniciada

[1A[2K[chromium] › tests\casos-prueba\02-registrar-sancion.spec.ts:51:5 › 02-REGISTRAR SANCIÓN: 8 sanciones para 1 administrado
✅ Sesión iniciada

[1A[2K[chromium] › tests\casos-prueba\02-registrar-sancion.spec.ts:51:5 › 02-REGISTRAR SANCIÓN: 8 sanciones para 1 administrado
✅ Módulo Infractor y Sanción cargado

[1A[2K[chromium] › tests\casos-prueba\02-registrar-sancion.spec.ts:51:5 › 02-REGISTRAR SANCIÓN: 8 sanciones para 1 administrado
✅ Módulo Infractor y Sanción cargado

[1A[2K[chromium] › tests\casos-prueba\02-registrar-sancion.spec.ts:51:5 › 02-REGISTRAR SANCIÓN: 8 sanciones para 1 administrado
✅ Módulo Infractor y Sanción cargado

[1A[2K[chromium] › tests\casos-prueba\02-registrar-sancion.spec.ts:51:5 › 02-REGISTRAR SANCIÓN: 8 sanciones para 1 administrado
  ✅ Sesión iniciada y módulo cargado


[1A[2K══════════════════════════════════════════════════════════════════════════════════════════

[1A[2K📋 PASO 2: ABRIENDO FORMULARIO

[1A[2K══════════════════════════════════════════════════════════════════════════════════════════

[1A[2K➕ Abriendo formulario registrar sanción...

[1A[2K[chromium] › tests\casos-prueba\02-registrar-sancion.spec.ts:51:5 › 02-REGISTRAR SANCIÓN: 8 sanciones para 1 administrado
  ✅ Sesión iniciada y módulo cargado


[1A[2K══════════════════════════════════════════════════════════════════════════════════════════

[1A[2K📋 PASO 2: ABRIENDO FORMULARIO

[1A[2K══════════════════════════════════════════════════════════════════════════════════════════

[1A[2K➕ Abriendo formulario registrar sanción...

[1A[2K[chromium] › tests\casos-prueba\02-registrar-sancion.spec.ts:51:5 › 02-REGISTRAR SANCIÓN: 8 sanciones para 1 administrado
  ✅ Sesión iniciada y módulo cargado


[1A[2K══════════════════════════════════════════════════════════════════════════════════════════

[1A[2K📋 PASO 2: ABRIENDO FORMULARIO

[1A[2K══════════════════════════════════════════════════════════════════════════════════════════

[1A[2K➕ Abriendo formulario registrar sanción...

[1A[2K[chromium] › tests\casos-prueba\02-registrar-sancion.spec.ts:51:5 › 02-REGISTRAR SANCIÓN: 8 sanciones para 1 administrado
✅ Formulario abierto

[1A[2K[chromium] › tests\casos-prueba\02-registrar-sancion.spec.ts:51:5 › 02-REGISTRAR SANCIÓN: 8 sanciones para 1 administrado
✅ Formulario abierto

[1A[2K[chromium] › tests\casos-prueba\02-registrar-sancion.spec.ts:51:5 › 02-REGISTRAR SANCIÓN: 8 sanciones para 1 administrado
✅ Formulario abierto

[1A[2K[chromium] › tests\casos-prueba\02-registrar-sancion.spec.ts:51:5 › 02-REGISTRAR SANCIÓN: 8 sanciones para 1 administrado
  ✅ Formulario abierto


[1A[2K══════════════════════════════════════════════════════════════════════════════════════════

[1A[2K🎲 PASO 3: SELECCIONANDO ADMINISTRADO

[1A[2K══════════════════════════════════════════════════════════════════════════════════════════

[1A[2K🎲 Seleccionando administrado aleatorio...

[1A[2K   Paso 0: Abriendo dropdown...


[1A[2K[chromium] › tests\casos-prueba\02-registrar-sancion.spec.ts:51:5 › 02-REGISTRAR SANCIÓN: 8 sanciones para 1 administrado
  ✅ Formulario abierto


[1A[2K══════════════════════════════════════════════════════════════════════════════════════════

[1A[2K🎲 PASO 3: SELECCIONANDO ADMINISTRADO

[1A[2K══════════════════════════════════════════════════════════════════════════════════════════

[1A[2K🎲 Seleccionando administrado aleatorio...

[1A[2K   Paso 0: Abriendo dropdown...


[1A[2K[chromium] › tests\casos-prueba\02-registrar-sancion.spec.ts:51:5 › 02-REGISTRAR SANCIÓN: 8 sanciones para 1 administrado
  ✅ Formulario abierto


[1A[2K══════════════════════════════════════════════════════════════════════════════════════════

[1A[2K🎲 PASO 3: SELECCIONANDO ADMINISTRADO

[1A[2K══════════════════════════════════════════════════════════════════════════════════════════

[1A[2K🎲 Seleccionando administrado aleatorio...

[1A[2K   Paso 0: Abriendo dropdown...


[1A[2K[chromium] › tests\casos-prueba\02-registrar-sancion.spec.ts:51:5 › 02-REGISTRAR SANCIÓN: 8 sanciones para 1 administrado
   Paso 1: Esperando panel del dropdown...

[1A[2K   ✓ Panel visible

[1A[2K   Paso 2: Esperando opciones...

[1A[2K   ✓ 586 opciones encontradas

[1A[2K   Paso 3: Seleccionando opción aleatoria...

[1A[2K   Opción 5/586: "UNIVERSIDAD NACIONAL DE SAN AGUSTIN DE AREQUIPA"

[1A[2K   Paso 4: Clickeando opción...

[1A[2K   Paso 5: Esperando confirmación del cambio...

[1A[2K[chromium] › tests\casos-prueba\02-registrar-sancion.spec.ts:51:5 › 02-REGISTRAR SANCIÓN: 8 sanciones para 1 administrado
   Paso 1: Esperando panel del dropdown...

[1A[2K   ✓ Panel visible

[1A[2K   Paso 2: Esperando opciones...

[1A[2K   ✓ 586 opciones encontradas

[1A[2K   Paso 3: Seleccionando opción aleatoria...

[1A[2K   Opción 504/586: "CORPORACION PARTICULAR 03643 COOP."

[1A[2K   Paso 4: Clickeando opción...

[1A[2K[chromium] › tests\casos-prueba\02-registrar-sancion.spec.ts:51:5 › 02-REGISTRAR SANCIÓN: 8 sanciones para 1 administrado
   Paso 1: Esperando panel del dropdown...

[1A[2K   ✓ Panel visible

[1A[2K   Paso 2: Esperando opciones...

[1A[2K   ✓ 586 opciones encontradas

[1A[2K   Paso 3: Seleccionando opción aleatoria...

[1A[2K   Opción 486/586: "CORPORACION PARTICULAR 26874 S.S"

[1A[2K   Paso 4: Clickeando opción...

[1A[2K[chromium] › tests\casos-prueba\02-registrar-sancion.spec.ts:51:5 › 02-REGISTRAR SANCIÓN: 8 sanciones para 1 administrado
   ✅ Opción seleccionada y confirmada


[1A[2K[chromium] › tests\casos-prueba\02-registrar-sancion.spec.ts:51:5 › 02-REGISTRAR SANCIÓN: 8 sanciones para 1 administrado
   Paso 5: Esperando confirmación del cambio...

[1A[2K   ✅ Opción seleccionada y confirmada


[1A[2K[chromium] › tests\casos-prueba\02-registrar-sancion.spec.ts:51:5 › 02-REGISTRAR SANCIÓN: 8 sanciones para 1 administrado
   Paso 5: Esperando confirmación del cambio...

[1A[2K   ✅ Opción seleccionada y confirmada


[1A[2K[chromium] › tests\casos-prueba\02-registrar-sancion.spec.ts:51:5 › 02-REGISTRAR SANCIÓN: 8 sanciones para 1 administrado
  ✅ Administrado seleccionado: UNIVERSIDAD NACIONAL DE SAN AGUSTIN DE AREQUIPA


[1A[2K══════════════════════════════════════════════════════════════════════════════════════════

[1A[2K📝 PASO 4: DATOS BÁSICOS

[1A[2K══════════════════════════════════════════════════════════════════════════════════════════

[1A[2K  ✓ Expediente: Exp N° 2733-2026

[1A[2K  ✓ Resolución: Res N° 9059-2026

[1A[2K[chromium] › tests\casos-prueba\02-registrar-sancion.spec.ts:51:5 › 02-REGISTRAR SANCIÓN: 8 sanciones para 1 administrado
  ✅ Administrado seleccionado: CORPORACION PARTICULAR 03643 COOP.


[1A[2K══════════════════════════════════════════════════════════════════════════════════════════

[1A[2K📝 PASO 4: DATOS BÁSICOS

[1A[2K══════════════════════════════════════════════════════════════════════════════════════════

[1A[2K  ✓ Expediente: Exp N° 4924-2026

[1A[2K  ✓ Resolución: Res N° 2693-2026

[1A[2K[chromium] › tests\casos-prueba\02-registrar-sancion.spec.ts:51:5 › 02-REGISTRAR SANCIÓN: 8 sanciones para 1 administrado
  ✅ Administrado seleccionado: CORPORACION PARTICULAR 26874 S.S


[1A[2K══════════════════════════════════════════════════════════════════════════════════════════

[1A[2K📝 PASO 4: DATOS BÁSICOS

[1A[2K══════════════════════════════════════════════════════════════════════════════════════════

[1A[2K  ✓ Expediente: Exp N° 7334-2025

[1A[2K  ✓ Resolución: Res N° 4921-2025

[1A[2K[chromium] › tests\casos-prueba\02-registrar-sancion.spec.ts:51:5 › 02-REGISTRAR SANCIÓN: 8 sanciones para 1 administrado
  ✓ Fecha: 07/02/2026


[1A[2K══════════════════════════════════════════════════════════════════════════════════════════

[1A[2K📁 PASO 5: SUBIENDO PDF

[1A[2K══════════════════════════════════════════════════════════════════════════════════════════

[1A[2K[chromium] › tests\casos-prueba\02-registrar-sancion.spec.ts:51:5 › 02-REGISTRAR SANCIÓN: 8 sanciones para 1 administrado
  ✓ Fecha: 11/01/2026


[1A[2K══════════════════════════════════════════════════════════════════════════════════════════

[1A[2K📁 PASO 5: SUBIENDO PDF

[1A[2K══════════════════════════════════════════════════════════════════════════════════════════

[1A[2K[chromium] › tests\casos-prueba\02-registrar-sancion.spec.ts:51:5 › 02-REGISTRAR SANCIÓN: 8 sanciones para 1 administrado
  ✓ Fecha: 04/12/2025


[1A[2K══════════════════════════════════════════════════════════════════════════════════════════

[1A[2K📁 PASO 5: SUBIENDO PDF

[1A[2K══════════════════════════════════════════════════════════════════════════════════════════

[1A[2K[chromium] › tests\casos-prueba\02-registrar-sancion.spec.ts:51:5 › 02-REGISTRAR SANCIÓN: 8 sanciones para 1 administrado
  ✅ PDF subido


[1A[2K══════════════════════════════════════════════════════════════════════════════════════════

[1A[2K📋 PASO 6: MEDIDAS CORRECTIVAS

[1A[2K══════════════════════════════════════════════════════════════════════════════════════════

[1A[2K[chromium] › tests\casos-prueba\02-registrar-sancion.spec.ts:51:5 › 02-REGISTRAR SANCIÓN: 8 sanciones para 1 administrado
  ✅ PDF subido


[1A[2K══════════════════════════════════════════════════════════════════════════════════════════

[1A[2K📋 PASO 6: MEDIDAS CORRECTIVAS

[1A[2K══════════════════════════════════════════════════════════════════════════════════════════

[1A[2K[chromium] › tests\casos-prueba\02-registrar-sancion.spec.ts:51:5 › 02-REGISTRAR SANCIÓN: 8 sanciones para 1 administrado
  ✅ PDF subido


[1A[2K══════════════════════════════════════════════════════════════════════════════════════════

[1A[2K📋 PASO 6: MEDIDAS CORRECTIVAS

[1A[2K══════════════════════════════════════════════════════════════════════════════════════════

[1A[2K[chromium] › tests\casos-prueba\02-registrar-sancion.spec.ts:51:5 › 02-REGISTRAR SANCIÓN: 8 sanciones para 1 administrado
  ✓ Medida 1 agregada

[1A[2K[chromium] › tests\casos-prueba\02-registrar-sancion.spec.ts:51:5 › 02-REGISTRAR SANCIÓN: 8 sanciones para 1 administrado
  ✓ Medida 1 agregada

[1A[2K[chromium] › tests\casos-prueba\02-registrar-sancion.spec.ts:51:5 › 02-REGISTRAR SANCIÓN: 8 sanciones para 1 administrado
  ✓ Medida 1 agregada

[1A[2K  ✓ Medida 2 agregada

[1A[2K  ✅ Medidas ingresadas (guardado final al terminar las 8 sanciones)


[1A[2K══════════════════════════════════════════════════════════════════════════════════════════

[1A[2K📋 PASO 7: NAVEGANDO A DETALLE DE SANCIONES

[1A[2K══════════════════════════════════════════════════════════════════════════════════════════

[1A[2K[chromium] › tests\casos-prueba\02-registrar-sancion.spec.ts:51:5 › 02-REGISTRAR SANCIÓN: 8 sanciones para 1 administrado
  ✓ Medida 2 agregada

[1A[2K  ✅ Medidas ingresadas (guardado final al terminar las 8 sanciones)


[1A[2K══════════════════════════════════════════════════════════════════════════════════════════

[1A[2K📋 PASO 7: NAVEGANDO A DETALLE DE SANCIONES

[1A[2K══════════════════════════════════════════════════════════════════════════════════════════

[1A[2K[chromium] › tests\casos-prueba\02-registrar-sancion.spec.ts:51:5 › 02-REGISTRAR SANCIÓN: 8 sanciones para 1 administrado
  ✓ Medida 2 agregada

[1A[2K  ✅ Medidas ingresadas (guardado final al terminar las 8 sanciones)


[1A[2K══════════════════════════════════════════════════════════════════════════════════════════

[1A[2K📋 PASO 7: NAVEGANDO A DETALLE DE SANCIONES

[1A[2K══════════════════════════════════════════════════════════════════════════════════════════

[1A[2K[chromium] › tests\casos-prueba\02-registrar-sancion.spec.ts:51:5 › 02-REGISTRAR SANCIÓN: 8 sanciones para 1 administrado
  ✅ Tab seleccionado


[1A[2K══════════════════════════════════════════════════════════════════════════════════════════

[1A[2K⚖️  PASO 8: AGREGANDO 8 SANCIONES

[1A[2K══════════════════════════════════════════════════════════════════════════════════════════

[1A[2K  ℹ️ Registros del pipeline (repeatEach): 12 -> sanciones en este registro: 2

[1A[2K  ℹ️ Casos seleccionados: MULTA + CANCELACIÓN | MULTA + SUSPENSIÓN

[1A[2K
  ┌─ SANCIÓN 1/2: MULTA + CANCELACIÓN

[1A[2K  │  ✓ Modal abierto

[1A[2K   📋 Seleccionando RIS aplicable...

[1A[2K[chromium] › tests\casos-prueba\02-registrar-sancion.spec.ts:51:5 › 02-REGISTRAR SANCIÓN: 8 sanciones para 1 administrado
  ✅ Tab seleccionado


[1A[2K══════════════════════════════════════════════════════════════════════════════════════════

[1A[2K⚖️  PASO 8: AGREGANDO 8 SANCIONES

[1A[2K══════════════════════════════════════════════════════════════════════════════════════════

[1A[2K  ℹ️ Registros del pipeline (repeatEach): 12 -> sanciones en este registro: 2

[1A[2K  ℹ️ Casos seleccionados: MULTA (UIT) + CANCELACIÓN | MULTA + SUSPENSIÓN

[1A[2K
  ┌─ SANCIÓN 1/2: MULTA (UIT) + CANCELACIÓN

[1A[2K[chromium] › tests\casos-prueba\02-registrar-sancion.spec.ts:51:5 › 02-REGISTRAR SANCIÓN: 8 sanciones para 1 administrado
  ✅ Tab seleccionado


[1A[2K══════════════════════════════════════════════════════════════════════════════════════════

[1A[2K⚖️  PASO 8: AGREGANDO 8 SANCIONES

[1A[2K══════════════════════════════════════════════════════════════════════════════════════════

[1A[2K  ℹ️ Registros del pipeline (repeatEach): 12 -> sanciones en este registro: 2

[1A[2K  ℹ️ Casos seleccionados: SUSPENSIÓN | MULTA

[1A[2K
  ┌─ SANCIÓN 1/2: SUSPENSIÓN

[1A[2K[chromium] › tests\casos-prueba\02-registrar-sancion.spec.ts:51:5 › 02-REGISTRAR SANCIÓN: 8 sanciones para 1 administrado
   ✅ RIS seleccionado: RIS 005-2019-MINEDU

[1A[2K   📋 Seleccionando tipo de infractor...

[1A[2K[chromium] › tests\casos-prueba\02-registrar-sancion.spec.ts:51:5 › 02-REGISTRAR SANCIÓN: 8 sanciones para 1 administrado
  │  ✓ Modal abierto

[1A[2K   📋 Seleccionando RIS aplicable...

[1A[2K[chromium] › tests\casos-prueba\02-registrar-sancion.spec.ts:51:5 › 02-REGISTRAR SANCIÓN: 8 sanciones para 1 administrado
  │  ✓ Modal abierto

[1A[2K   📋 Seleccionando RIS aplicable...

[1A[2K[chromium] › tests\casos-prueba\02-registrar-sancion.spec.ts:51:5 › 02-REGISTRAR SANCIÓN: 8 sanciones para 1 administrado
   ✅ RIS seleccionado: RIS 018-2015-MINEDU

[1A[2K   📋 Seleccionando tipo de infractor...

[1A[2K[chromium] › tests\casos-prueba\02-registrar-sancion.spec.ts:51:5 › 02-REGISTRAR SANCIÓN: 8 sanciones para 1 administrado
   ✅ RIS seleccionado: RIS 005-2019-MINEDU

[1A[2K   📋 Seleccionando tipo de infractor...

[1A[2K[chromium] › tests\casos-prueba\02-registrar-sancion.spec.ts:51:5 › 02-REGISTRAR SANCIÓN: 8 sanciones para 1 administrado
   ✅ Tipo infractor seleccionado: 4.13 - No contar con un Instituto de Investigación, para el casi de las universidades públicas.

[1A[2K  │    ✓ Multa marcada

[1A[2K  │    ✓ Cancelación marcada

[1A[2K  │    ✓ Monto: 1978326 SOLES

[1A[2K[chromium] › tests\casos-prueba\02-registrar-sancion.spec.ts:51:5 › 02-REGISTRAR SANCIÓN: 8 sanciones para 1 administrado
   ✅ Tipo infractor seleccionado: 4.14 - No publicar en el portalelectrónico de la universidad en forma permanente, completa y actualizada, como mínimo, la información sobre transparencia dispuesta en la Ley Universitaria o en el marco legal vigente.

[1A[2K  │    ✓ Suspensión marcada

[1A[2K[chromium] › tests\casos-prueba\02-registrar-sancion.spec.ts:51:5 › 02-REGISTRAR SANCIÓN: 8 sanciones para 1 administrado
  │  ✅ GUARDADA (Detalle agregado 1/2)

[1A[2K[chromium] › tests\casos-prueba\02-registrar-sancion.spec.ts:51:5 › 02-REGISTRAR SANCIÓN: 8 sanciones para 1 administrado
  │    ✓ Suspensión configurada

[1A[2K  │  ✅ GUARDADA (Detalle agregado 1/2)

[1A[2K[chromium] › tests\casos-prueba\02-registrar-sancion.spec.ts:51:5 › 02-REGISTRAR SANCIÓN: 8 sanciones para 1 administrado
  └───────────────────────────────────────────────────────────────────────────────────────────

[1A[2K
  ┌─ SANCIÓN 2/2: MULTA + SUSPENSIÓN

[1A[2K  │  ✓ Modal abierto

[1A[2K   📋 Seleccionando RIS aplicable...

[1A[2K   ✅ RIS seleccionado: RIS 005-2019-MINEDU

[1A[2K   📋 Seleccionando tipo de infractor...

[1A[2K[chromium] › tests\casos-prueba\02-registrar-sancion.spec.ts:51:5 › 02-REGISTRAR SANCIÓN: 8 sanciones para 1 administrado
  └───────────────────────────────────────────────────────────────────────────────────────────

[1A[2K
  ┌─ SANCIÓN 2/2: MULTA

[1A[2K  │  ✓ Modal abierto

[1A[2K   📋 Seleccionando RIS aplicable...

[1A[2K   ✅ RIS seleccionado: RIS 005-2019-MINEDU

[1A[2K   📋 Seleccionando tipo de infractor...

[1A[2K[chromium] › tests\casos-prueba\02-registrar-sancion.spec.ts:51:5 › 02-REGISTRAR SANCIÓN: 8 sanciones para 1 administrado
   ✅ Tipo infractor seleccionado: 7 - Infracciones relacionadas al otorgamiento de Grados y Títulos, Trabajos de Investigación y Carnés Universitarios

[1A[2K  │    ✓ Multa marcada

[1A[2K  │    ✓ Suspensión marcada

[1A[2K  │    ✓ Monto: 170858 SOLES

[1A[2K[chromium] › tests\casos-prueba\02-registrar-sancion.spec.ts:51:5 › 02-REGISTRAR SANCIÓN: 8 sanciones para 1 administrado
   ✅ Tipo infractor seleccionado: 4.3 - Establecer en el estatuto, reglamento o normativa interna, disposiciones contrarias a las normas imperativas previstas en la Ley Universitaria o en el marco legal vigente.

[1A[2K  │    ✓ Multa marcada

[1A[2K[chromium] › tests\casos-prueba\02-registrar-sancion.spec.ts:51:5 › 02-REGISTRAR SANCIÓN: 8 sanciones para 1 administrado
  │    ✓ Suspensión configurada

[1A[2K[chromium] › tests\casos-prueba\02-registrar-sancion.spec.ts:51:5 › 02-REGISTRAR SANCIÓN: 8 sanciones para 1 administrado
  │    ✓ Monto: 785243 SOLES

[1A[2K  │  ✅ GUARDADA (Detalle agregado 2/2)

[1A[2K  └───────────────────────────────────────────────────────────────────────────────────────────

[1A[2K
  ✅ SANCIONES COMPLETADAS: 2/2


[1A[2K══════════════════════════════════════════════════════════════════════════════════════════

[1A[2K✅ PASO 9: GUARDANDO FORMULARIO FINAL

[1A[2K══════════════════════════════════════════════════════════════════════════════════════════

[1A[2K⏩ Captura omitida por SKIP_SCREENSHOTS=1

[1A[2K[chromium] › tests\casos-prueba\02-registrar-sancion.spec.ts:51:5 › 02-REGISTRAR SANCIÓN: 8 sanciones para 1 administrado
  │  ❌ locator.waitFor: Timeout 10000ms exceeded.
Call log:
[2m  - waiting for getByRo

[1A[2K  │  ↻ Reintento 2/2

[1A[2K  │  ✓ Modal abierto

[1A[2K   📋 Seleccionando RIS aplicable...

[1A[2K   ✅ RIS seleccionado: RIS 018-2015-MINEDU

[1A[2K   📋 Seleccionando tipo de infractor...

[1A[2K  │  ❌ locator.waitFor: Timeout 10000ms exceeded.
Call log:
[2m  - waiting for getByRo

[1A[2K  │  ❌ No se logró guardar la sanción 1 tras 2 intentos

[1A[2K  └───────────────────────────────────────────────────────────────────────────────────────────

[1A[2K
  ┌─ SANCIÓN 2/2: MULTA + SUSPENSIÓN

[1A[2K  │  ✓ Modal abierto

[1A[2K   📋 Seleccionando RIS aplicable...

[1A[2K   ✅ RIS seleccionado: RIS 018-2015-MINEDU

[1A[2K   📋 Seleccionando tipo de infractor...

[1A[2K   ✅ Tipo infractor seleccionado: 2 - INFRACCIONES RELATIVAS AL USO EDUCATIVO DE LOS RECURSOS DEL TESORO PÚBLICO POR LAS UNIVERSIDADES PÚBLICAS.

[1A[2K  │    ✓ Multa marcada

[1A[2K  │    ✓ Suspensión marcada

[1A[2K  │    ✓ Monto: 419481 SOLES

[1A[2K  │    ✓ Suspensión configurada

[1A[2K  1) [chromium] › tests\casos-prueba\02-registrar-sancion.spec.ts:51:5 › 02-REGISTRAR SANCIÓN: 8 sanciones para 1 administrado 

    Error: Guardado final sin evidencia en listado (Expediente='Exp N° 4924-2026', Resolución='Res N° 2693-2026').

      896 |   );
      897 |   if (listadoEsBloqueante && !evidenciaCabecera) {
    > 898 |     throw new Error(`Guardado final sin evidencia en listado (Expediente='${expedienteGenerado}', Resolución='${resolucionGenerada}').`);
          |           ^
      899 |   }
      900 |   if (cabeceraVisibleEnListado) {
      901 |     console.log(`  ✅ Cabecera visible en listado: ${expedienteGenerado} | ${resolucionGenerada}`);
        at D:\SUNEDU\AUTOMATIZACION\REGINSA\tests\casos-prueba\02-registrar-sancion.spec.ts:898:11

    attachment #1: screenshot (image/png) ──────────────────────────────────────────────────────────
    test-results\casos-prueba-02-registrar--bdf13-nciones-para-1-administrado-chromium-repeat2\test-failed-1.png
    ────────────────────────────────────────────────────────────────────────────────────────────────

    attachment #2: video (video/webm) ──────────────────────────────────────────────────────────────
    test-results\casos-prueba-02-registrar--bdf13-nciones-para-1-administrado-chromium-repeat2\video.webm
    ────────────────────────────────────────────────────────────────────────────────────────────────

    Error Context: test-results\casos-prueba-02-registrar--bdf13-nciones-para-1-administrado-chromium-repeat2\error-context.md


[1A[2K[4/12] [chromium] › tests\casos-prueba\02-registrar-sancion.spec.ts:51:5 › 02-REGISTRAR SANCIÓN: 8 sanciones para 1 administrado
[1A[2K[chromium] › tests\casos-prueba\02-registrar-sancion.spec.ts:51:5 › 02-REGISTRAR SANCIÓN: 8 sanciones para 1 administrado

================================================================================

[1A[2K⚖️ CASO 02: REGISTRAR SANCIÓN

[1A[2K================================================================================


[1A[2K
══════════════════════════════════════════════════════════════════════════════════════════

[1A[2K🔐 LOGIN Y NAVEGACIÓN

[1A[2K══════════════════════════════════════════════════════════════════════════════════════════

[1A[2K🔐 INICIALIZANDO SESIÓN Y NAVEGACIÓN...

[1A[2K🔁 Pool paralelo activo: 8 usuarios disponibles.

[1A[2K👥 Usuarios disponibles: lizvidal, lgvidalm, lgvidal, lgvm, lizividal, lizitavidal, pattyvidal, hannavidal

[1A[2K👤 Usuario asignado: lgvm (worker 3)

[1A[2K✅ Sesión iniciada

[1A[2K✅ Módulo Infractor y Sanción cargado

[1A[2K  ✅ Sesión iniciada y módulo cargado


[1A[2K══════════════════════════════════════════════════════════════════════════════════════════

[1A[2K📋 PASO 2: ABRIENDO FORMULARIO

[1A[2K══════════════════════════════════════════════════════════════════════════════════════════

[1A[2K➕ Abriendo formulario registrar sanción...

[1A[2K✅ Formulario abierto

[1A[2K  ✅ Formulario abierto


[1A[2K══════════════════════════════════════════════════════════════════════════════════════════

[1A[2K🎲 PASO 3: SELECCIONANDO ADMINISTRADO

[1A[2K══════════════════════════════════════════════════════════════════════════════════════════

[1A[2K🎲 Seleccionando administrado aleatorio...

[1A[2K   Paso 0: Abriendo dropdown...


[1A[2K   Paso 1: Esperando panel del dropdown...

[1A[2K   ✓ Panel visible

[1A[2K   Paso 2: Esperando opciones...

[1A[2K   ✓ 586 opciones encontradas

[1A[2K   Paso 3: Seleccionando opción aleatoria...

[1A[2K   Opción 563/586: "COMERCIO NO GUBERNAMENTAL 32928 CORP. S.A.C."

[1A[2K   Paso 4: Clickeando opción...

[1A[2K   Paso 5: Esperando confirmación del cambio...

[1A[2K   ✅ Opción seleccionada y confirmada


[1A[2K  ✅ Administrado seleccionado: COMERCIO NO GUBERNAMENTAL 32928 CORP. S.A.C.


[1A[2K══════════════════════════════════════════════════════════════════════════════════════════

[1A[2K📝 PASO 4: DATOS BÁSICOS

[1A[2K══════════════════════════════════════════════════════════════════════════════════════════

[1A[2K  ✓ Expediente: Exp N° 7680-2025

[1A[2K  ✓ Resolución: Res N° 6442-2025

[1A[2K  ✓ Fecha: 12/10/2025


[1A[2K══════════════════════════════════════════════════════════════════════════════════════════

[1A[2K📁 PASO 5: SUBIENDO PDF

[1A[2K══════════════════════════════════════════════════════════════════════════════════════════

[1A[2K  ✅ PDF subido


[1A[2K══════════════════════════════════════════════════════════════════════════════════════════

[1A[2K📋 PASO 6: MEDIDAS CORRECTIVAS

[1A[2K══════════════════════════════════════════════════════════════════════════════════════════

[1A[2K  ✓ Medida 1 agregada

[1A[2K  ✓ Medida 2 agregada

[1A[2K  ✅ Medidas ingresadas (guardado final al terminar las 8 sanciones)


[1A[2K══════════════════════════════════════════════════════════════════════════════════════════

[1A[2K📋 PASO 7: NAVEGANDO A DETALLE DE SANCIONES

[1A[2K══════════════════════════════════════════════════════════════════════════════════════════

[1A[2K  ✅ Tab seleccionado


[1A[2K══════════════════════════════════════════════════════════════════════════════════════════

[1A[2K⚖️  PASO 8: AGREGANDO 8 SANCIONES

[1A[2K══════════════════════════════════════════════════════════════════════════════════════════

[1A[2K  ℹ️ Registros del pipeline (repeatEach): 12 -> sanciones en este registro: 1

[1A[2K  ℹ️ Casos seleccionados: MULTA + CANCELACIÓN

[1A[2K
  ┌─ SANCIÓN 1/1: MULTA + CANCELACIÓN

[1A[2K  │  ✓ Modal abierto

[1A[2K   📋 Seleccionando RIS aplicable...

[1A[2K   ✅ RIS seleccionado: RIS 018-2015-MINEDU

[1A[2K   📋 Seleccionando tipo de infractor...

[1A[2K   ✅ Tipo infractor seleccionado: 6 - INFRACCIONES RELATIVAS A LA CALIDAD DEL SERVICIO EDUCATIVO SUPERIOR UNIVERSITARIO EN LO REFERIDO A LA ORGANIZACIÓN ACADÉMICA.

[1A[2K  │    ✓ Multa marcada

[1A[2K  │    ✓ Cancelación marcada

[1A[2K  │    ✓ Monto: 110799 SOLES

[1A[2K  │  ✅ GUARDADA (Detalle agregado 1/1)

[1A[2K  └───────────────────────────────────────────────────────────────────────────────────────────

[1A[2K
  ✅ SANCIONES COMPLETADAS: 1/1


[1A[2K══════════════════════════════════════════════════════════════════════════════════════════

[1A[2K✅ PASO 9: GUARDANDO FORMULARIO FINAL

[1A[2K══════════════════════════════════════════════════════════════════════════════════════════

[1A[2K⏩ Captura omitida por SKIP_SCREENSHOTS=1

[1A[2K[chromium] › tests\casos-prueba\02-registrar-sancion.spec.ts:51:5 › 02-REGISTRAR SANCIÓN: 8 sanciones para 1 administrado
  │  ✅ GUARDADA (Detalle agregado 2/2)

[1A[2K  └───────────────────────────────────────────────────────────────────────────────────────────

[1A[2K
  ✅ SANCIONES COMPLETADAS: 2/2


[1A[2K══════════════════════════════════════════════════════════════════════════════════════════

[1A[2K✅ PASO 9: GUARDANDO FORMULARIO FINAL

[1A[2K══════════════════════════════════════════════════════════════════════════════════════════

[1A[2K⏩ Captura omitida por SKIP_SCREENSHOTS=1

[1A[2K[chromium] › tests\casos-prueba\02-registrar-sancion.spec.ts:51:5 › 02-REGISTRAR SANCIÓN: 8 sanciones para 1 administrado
  ✅ Cabecera visible en listado: Exp N° 7680-2025 | Res N° 6442-2025

[1A[2K  ✅ Formulario guardado


[1A[2K⏩ Captura omitida por SKIP_SCREENSHOTS=1

[1A[2K⏩ Captura omitida por SKIP_SCREENSHOTS=1

[1A[2K
  ✅ TEST COMPLETADO - Sanciones: 1/1


[1A[2K  ✅ EXITOSO: 1/1 sanciones registradas

[1A[2K[5/12] [chromium] › tests\casos-prueba\02-registrar-sancion.spec.ts:51:5 › 02-REGISTRAR SANCIÓN: 8 sanciones para 1 administrado
[1A[2K[chromium] › tests\casos-prueba\02-registrar-sancion.spec.ts:51:5 › 02-REGISTRAR SANCIÓN: 8 sanciones para 1 administrado

================================================================================

[1A[2K⚖️ CASO 02: REGISTRAR SANCIÓN

[1A[2K================================================================================


[1A[2K
══════════════════════════════════════════════════════════════════════════════════════════

[1A[2K🔐 LOGIN Y NAVEGACIÓN

[1A[2K══════════════════════════════════════════════════════════════════════════════════════════

[1A[2K🔐 INICIALIZANDO SESIÓN Y NAVEGACIÓN...

[1A[2K🔁 Pool paralelo activo: 8 usuarios disponibles.

[1A[2K👥 Usuarios disponibles: lizvidal, lgvidalm, lgvidal, lgvm, lizividal, lizitavidal, pattyvidal, hannavidal

[1A[2K👤 Usuario asignado: lizividal (worker 4)

[1A[2K[chromium] › tests\casos-prueba\02-registrar-sancion.spec.ts:51:5 › 02-REGISTRAR SANCIÓN: 8 sanciones para 1 administrado
  ✅ Cabecera visible en listado: Exp N° 7334-2025 | Res N° 4921-2025

[1A[2K  ✅ Formulario guardado

[1A[2K⏩ Captura omitida por SKIP_SCREENSHOTS=1

[1A[2K⏩ Captura omitida por SKIP_SCREENSHOTS=1

[1A[2K
  ✅ TEST COMPLETADO - Sanciones: 2/2


[1A[2K  ✅ EXITOSO: 2/2 sanciones registradas

[1A[2K[6/12] [chromium] › tests\casos-prueba\02-registrar-sancion.spec.ts:51:5 › 02-REGISTRAR SANCIÓN: 8 sanciones para 1 administrado
[1A[2K[chromium] › tests\casos-prueba\02-registrar-sancion.spec.ts:51:5 › 02-REGISTRAR SANCIÓN: 8 sanciones para 1 administrado
✅ Sesión iniciada

[1A[2K[chromium] › tests\casos-prueba\02-registrar-sancion.spec.ts:51:5 › 02-REGISTRAR SANCIÓN: 8 sanciones para 1 administrado

================================================================================

[1A[2K⚖️ CASO 02: REGISTRAR SANCIÓN

[1A[2K================================================================================


[1A[2K
══════════════════════════════════════════════════════════════════════════════════════════

[1A[2K🔐 LOGIN Y NAVEGACIÓN

[1A[2K══════════════════════════════════════════════════════════════════════════════════════════

[1A[2K🔐 INICIALIZANDO SESIÓN Y NAVEGACIÓN...

[1A[2K🔁 Pool paralelo activo: 8 usuarios disponibles.

[1A[2K👥 Usuarios disponibles: lizvidal, lgvidalm, lgvidal, lgvm, lizividal, lizitavidal, pattyvidal, hannavidal

[1A[2K👤 Usuario asignado: lizitavidal (worker 5)

[1A[2K[chromium] › tests\casos-prueba\02-registrar-sancion.spec.ts:51:5 › 02-REGISTRAR SANCIÓN: 8 sanciones para 1 administrado
  │  ✅ GUARDADA (Detalle agregado 1/2)

[1A[2K[chromium] › tests\casos-prueba\02-registrar-sancion.spec.ts:51:5 › 02-REGISTRAR SANCIÓN: 8 sanciones para 1 administrado
✅ Módulo Infractor y Sanción cargado

[1A[2K[chromium] › tests\casos-prueba\02-registrar-sancion.spec.ts:51:5 › 02-REGISTRAR SANCIÓN: 8 sanciones para 1 administrado
  └───────────────────────────────────────────────────────────────────────────────────────────

[1A[2K[chromium] › tests\casos-prueba\02-registrar-sancion.spec.ts:51:5 › 02-REGISTRAR SANCIÓN: 8 sanciones para 1 administrado
  ✅ Sesión iniciada y módulo cargado


[1A[2K══════════════════════════════════════════════════════════════════════════════════════════

[1A[2K📋 PASO 2: ABRIENDO FORMULARIO

[1A[2K══════════════════════════════════════════════════════════════════════════════════════════

[1A[2K➕ Abriendo formulario registrar sanción...

[1A[2K[chromium] › tests\casos-prueba\02-registrar-sancion.spec.ts:51:5 › 02-REGISTRAR SANCIÓN: 8 sanciones para 1 administrado

  ✅ SANCIONES COMPLETADAS: 1/2


[1A[2K══════════════════════════════════════════════════════════════════════════════════════════

[1A[2K✅ PASO 9: GUARDANDO FORMULARIO FINAL

[1A[2K══════════════════════════════════════════════════════════════════════════════════════════

[1A[2K⏩ Captura omitida por SKIP_SCREENSHOTS=1

[1A[2K[chromium] › tests\casos-prueba\02-registrar-sancion.spec.ts:51:5 › 02-REGISTRAR SANCIÓN: 8 sanciones para 1 administrado
✅ Formulario abierto

[1A[2K  ✅ Formulario abierto


[1A[2K══════════════════════════════════════════════════════════════════════════════════════════

[1A[2K🎲 PASO 3: SELECCIONANDO ADMINISTRADO

[1A[2K══════════════════════════════════════════════════════════════════════════════════════════

[1A[2K🎲 Seleccionando administrado aleatorio...

[1A[2K   Paso 0: Abriendo dropdown...


[1A[2K[chromium] › tests\casos-prueba\02-registrar-sancion.spec.ts:51:5 › 02-REGISTRAR SANCIÓN: 8 sanciones para 1 administrado
✅ Sesión iniciada

[1A[2K✅ Módulo Infractor y Sanción cargado

[1A[2K[chromium] › tests\casos-prueba\02-registrar-sancion.spec.ts:51:5 › 02-REGISTRAR SANCIÓN: 8 sanciones para 1 administrado
   Paso 1: Esperando panel del dropdown...

[1A[2K   ✓ Panel visible

[1A[2K   Paso 2: Esperando opciones...

[1A[2K   ✓ 586 opciones encontradas

[1A[2K   Paso 3: Seleccionando opción aleatoria...

[1A[2K   Opción 235/586: "COMERCIO NO GUBERNAMENTAL 32471 S.C.R.L."

[1A[2K   Paso 4: Clickeando opción...

[1A[2K   Paso 5: Esperando confirmación del cambio...

[1A[2K   ✅ Opción seleccionada y confirmada


[1A[2K[chromium] › tests\casos-prueba\02-registrar-sancion.spec.ts:51:5 › 02-REGISTRAR SANCIÓN: 8 sanciones para 1 administrado
  ✅ Sesión iniciada y módulo cargado


[1A[2K══════════════════════════════════════════════════════════════════════════════════════════

[1A[2K📋 PASO 2: ABRIENDO FORMULARIO

[1A[2K══════════════════════════════════════════════════════════════════════════════════════════

[1A[2K➕ Abriendo formulario registrar sanción...

[1A[2K✅ Formulario abierto

[1A[2K[chromium] › tests\casos-prueba\02-registrar-sancion.spec.ts:51:5 › 02-REGISTRAR SANCIÓN: 8 sanciones para 1 administrado
  ✅ Administrado seleccionado: COMERCIO NO GUBERNAMENTAL 32471 S.C.R.L.


[1A[2K══════════════════════════════════════════════════════════════════════════════════════════

[1A[2K📝 PASO 4: DATOS BÁSICOS

[1A[2K══════════════════════════════════════════════════════════════════════════════════════════

[1A[2K  ✓ Expediente: Exp N° 4358-2025

[1A[2K  ✓ Resolución: Res N° 5707-2025

[1A[2K  ✓ Fecha: 20/01/2025


[1A[2K══════════════════════════════════════════════════════════════════════════════════════════

[1A[2K📁 PASO 5: SUBIENDO PDF

[1A[2K══════════════════════════════════════════════════════════════════════════════════════════

[1A[2K[chromium] › tests\casos-prueba\02-registrar-sancion.spec.ts:51:5 › 02-REGISTRAR SANCIÓN: 8 sanciones para 1 administrado
  ✅ Formulario abierto


[1A[2K══════════════════════════════════════════════════════════════════════════════════════════

[1A[2K🎲 PASO 3: SELECCIONANDO ADMINISTRADO

[1A[2K══════════════════════════════════════════════════════════════════════════════════════════

[1A[2K🎲 Seleccionando administrado aleatorio...

[1A[2K   Paso 0: Abriendo dropdown...


[1A[2K   Paso 1: Esperando panel del dropdown...

[1A[2K   ✓ Panel visible

[1A[2K   Paso 2: Esperando opciones...

[1A[2K   ✓ 586 opciones encontradas

[1A[2K   Paso 3: Seleccionando opción aleatoria...

[1A[2K   Opción 538/586: "EMPRESA ESTATAL 20807 S.A."

[1A[2K   Paso 4: Clickeando opción...

[1A[2K   Paso 5: Esperando confirmación del cambio...

[1A[2K   ✅ Opción seleccionada y confirmada


[1A[2K[chromium] › tests\casos-prueba\02-registrar-sancion.spec.ts:51:5 › 02-REGISTRAR SANCIÓN: 8 sanciones para 1 administrado
  ✅ Cabecera visible en listado: Exp N° 2733-2026 | Res N° 9059-2026

[1A[2K  ✅ Formulario guardado

[1A[2K⏩ Captura omitida por SKIP_SCREENSHOTS=1

[1A[2K⏩ Captura omitida por SKIP_SCREENSHOTS=1

[1A[2K
  ✅ TEST COMPLETADO - Sanciones: 1/2


[1A[2K[chromium] › tests\casos-prueba\02-registrar-sancion.spec.ts:51:5 › 02-REGISTRAR SANCIÓN: 8 sanciones para 1 administrado
  ✅ Administrado seleccionado: EMPRESA ESTATAL 20807 S.A.


[1A[2K══════════════════════════════════════════════════════════════════════════════════════════

[1A[2K📝 PASO 4: DATOS BÁSICOS

[1A[2K══════════════════════════════════════════════════════════════════════════════════════════

[1A[2K  ✓ Expediente: Exp N° 4079-2024

[1A[2K  ✓ Resolución: Res N° 5301-2024

[1A[2K  2) [chromium] › tests\casos-prueba\02-registrar-sancion.spec.ts:51:5 › 02-REGISTRAR SANCIÓN: 8 sanciones para 1 administrado 

    Error: Solo 1 sanciones registradas (se requieren al menos 2)

      947 |       console.warn(`  ⚠️ Modo scale: sanciones parciales ${exitosas}/${sanciones.length} (umbral=${minSancionesRequeridas}).`);
      948 |     }
    > 949 |   } else {
          |           ^
      950 |     throw new Error(`Solo ${exitosas} sanciones registradas (se requieren al menos ${minSancionesRequeridas})`);
      951 |   }
      952 | });
        at D:\SUNEDU\AUTOMATIZACION\REGINSA\tests\casos-prueba\02-registrar-sancion.spec.ts:949:11

    attachment #1: screenshot (image/png) ──────────────────────────────────────────────────────────
    test-results\casos-prueba-02-registrar--bdf13-nciones-para-1-administrado-chromium\test-failed-1.png
    ────────────────────────────────────────────────────────────────────────────────────────────────

    attachment #2: video (video/webm) ──────────────────────────────────────────────────────────────
    test-results\casos-prueba-02-registrar--bdf13-nciones-para-1-administrado-chromium\video.webm
    ────────────────────────────────────────────────────────────────────────────────────────────────

    Error Context: test-results\casos-prueba-02-registrar--bdf13-nciones-para-1-administrado-chromium\error-context.md


[1A[2K[chromium] › tests\casos-prueba\02-registrar-sancion.spec.ts:51:5 › 02-REGISTRAR SANCIÓN: 8 sanciones para 1 administrado
  ✅ PDF subido


[1A[2K══════════════════════════════════════════════════════════════════════════════════════════

[1A[2K📋 PASO 6: MEDIDAS CORRECTIVAS

[1A[2K══════════════════════════════════════════════════════════════════════════════════════════

[1A[2K  ✓ Medida 1 agregada

[1A[2K  ✓ Medida 2 agregada

[1A[2K  ✅ Medidas ingresadas (guardado final al terminar las 8 sanciones)


[1A[2K══════════════════════════════════════════════════════════════════════════════════════════

[1A[2K📋 PASO 7: NAVEGANDO A DETALLE DE SANCIONES

[1A[2K══════════════════════════════════════════════════════════════════════════════════════════

[1A[2K[chromium] › tests\casos-prueba\02-registrar-sancion.spec.ts:51:5 › 02-REGISTRAR SANCIÓN: 8 sanciones para 1 administrado
  ✓ Fecha: 26/11/2024


[1A[2K══════════════════════════════════════════════════════════════════════════════════════════

[1A[2K📁 PASO 5: SUBIENDO PDF

[1A[2K══════════════════════════════════════════════════════════════════════════════════════════

[1A[2K[7/12] [chromium] › tests\casos-prueba\02-registrar-sancion.spec.ts:51:5 › 02-REGISTRAR SANCIÓN: 8 sanciones para 1 administrado
[1A[2K[chromium] › tests\casos-prueba\02-registrar-sancion.spec.ts:51:5 › 02-REGISTRAR SANCIÓN: 8 sanciones para 1 administrado

================================================================================

[1A[2K⚖️ CASO 02: REGISTRAR SANCIÓN

[1A[2K================================================================================


[1A[2K
══════════════════════════════════════════════════════════════════════════════════════════

[1A[2K🔐 LOGIN Y NAVEGACIÓN

[1A[2K══════════════════════════════════════════════════════════════════════════════════════════

[1A[2K🔐 INICIALIZANDO SESIÓN Y NAVEGACIÓN...

[1A[2K🔁 Pool paralelo activo: 8 usuarios disponibles.

[1A[2K👥 Usuarios disponibles: lizvidal, lgvidalm, lgvidal, lgvm, lizividal, lizitavidal, pattyvidal, hannavidal

[1A[2K👤 Usuario asignado: pattyvidal (worker 6)

[1A[2K[chromium] › tests\casos-prueba\02-registrar-sancion.spec.ts:51:5 › 02-REGISTRAR SANCIÓN: 8 sanciones para 1 administrado
  ✅ Tab seleccionado


[1A[2K══════════════════════════════════════════════════════════════════════════════════════════

[1A[2K⚖️  PASO 8: AGREGANDO 8 SANCIONES

[1A[2K══════════════════════════════════════════════════════════════════════════════════════════

[1A[2K  ℹ️ Registros del pipeline (repeatEach): 12 -> sanciones en este registro: 1

[1A[2K  ℹ️ Casos seleccionados: SUSPENSIÓN

[1A[2K
  ┌─ SANCIÓN 1/1: SUSPENSIÓN

[1A[2K  │  ✓ Modal abierto

[1A[2K   📋 Seleccionando RIS aplicable...

[1A[2K   ✅ RIS seleccionado: RIS 005-2019-MINEDU

[1A[2K   📋 Seleccionando tipo de infractor...

[1A[2K[chromium] › tests\casos-prueba\02-registrar-sancion.spec.ts:51:5 › 02-REGISTRAR SANCIÓN: 8 sanciones para 1 administrado
  ✅ PDF subido


[1A[2K══════════════════════════════════════════════════════════════════════════════════════════

[1A[2K📋 PASO 6: MEDIDAS CORRECTIVAS

[1A[2K══════════════════════════════════════════════════════════════════════════════════════════

[1A[2K[chromium] › tests\casos-prueba\02-registrar-sancion.spec.ts:51:5 › 02-REGISTRAR SANCIÓN: 8 sanciones para 1 administrado
   ✅ Tipo infractor seleccionado: 3.2 - Prestar estudios de pregrado que cuenten con una duración en años y/o número de semestres por año contrarios a los establecidos en la Ley Universitaria o en el marco legal vigente.

[1A[2K  │    ✓ Suspensión marcada

[1A[2K[chromium] › tests\casos-prueba\02-registrar-sancion.spec.ts:51:5 › 02-REGISTRAR SANCIÓN: 8 sanciones para 1 administrado
  ✓ Medida 1 agregada

[1A[2K[chromium] › tests\casos-prueba\02-registrar-sancion.spec.ts:51:5 › 02-REGISTRAR SANCIÓN: 8 sanciones para 1 administrado
  │    ✓ Suspensión configurada

[1A[2K[chromium] › tests\casos-prueba\02-registrar-sancion.spec.ts:51:5 › 02-REGISTRAR SANCIÓN: 8 sanciones para 1 administrado
  ✓ Medida 2 agregada

[1A[2K  ✅ Medidas ingresadas (guardado final al terminar las 8 sanciones)


[1A[2K══════════════════════════════════════════════════════════════════════════════════════════

[1A[2K📋 PASO 7: NAVEGANDO A DETALLE DE SANCIONES

[1A[2K══════════════════════════════════════════════════════════════════════════════════════════

[1A[2K[chromium] › tests\casos-prueba\02-registrar-sancion.spec.ts:51:5 › 02-REGISTRAR SANCIÓN: 8 sanciones para 1 administrado
  │  ✅ GUARDADA (Detalle agregado 1/1)

[1A[2K  └───────────────────────────────────────────────────────────────────────────────────────────

[1A[2K[chromium] › tests\casos-prueba\02-registrar-sancion.spec.ts:51:5 › 02-REGISTRAR SANCIÓN: 8 sanciones para 1 administrado
✅ Sesión iniciada

[1A[2K[chromium] › tests\casos-prueba\02-registrar-sancion.spec.ts:51:5 › 02-REGISTRAR SANCIÓN: 8 sanciones para 1 administrado

  ✅ SANCIONES COMPLETADAS: 1/1


[1A[2K══════════════════════════════════════════════════════════════════════════════════════════

[1A[2K✅ PASO 9: GUARDANDO FORMULARIO FINAL

[1A[2K══════════════════════════════════════════════════════════════════════════════════════════

[1A[2K⏩ Captura omitida por SKIP_SCREENSHOTS=1

[1A[2K[chromium] › tests\casos-prueba\02-registrar-sancion.spec.ts:51:5 › 02-REGISTRAR SANCIÓN: 8 sanciones para 1 administrado
✅ Módulo Infractor y Sanción cargado

[1A[2K[chromium] › tests\casos-prueba\02-registrar-sancion.spec.ts:51:5 › 02-REGISTRAR SANCIÓN: 8 sanciones para 1 administrado
  ✅ Tab seleccionado


[1A[2K══════════════════════════════════════════════════════════════════════════════════════════

[1A[2K⚖️  PASO 8: AGREGANDO 8 SANCIONES

[1A[2K══════════════════════════════════════════════════════════════════════════════════════════

[1A[2K  ℹ️ Registros del pipeline (repeatEach): 12 -> sanciones en este registro: 1

[1A[2K  ℹ️ Casos seleccionados: MULTA

[1A[2K
  ┌─ SANCIÓN 1/1: MULTA

[1A[2K  │  ✓ Modal abierto

[1A[2K   📋 Seleccionando RIS aplicable...

[1A[2K[chromium] › tests\casos-prueba\02-registrar-sancion.spec.ts:51:5 › 02-REGISTRAR SANCIÓN: 8 sanciones para 1 administrado
  ✅ Sesión iniciada y módulo cargado


[1A[2K══════════════════════════════════════════════════════════════════════════════════════════

[1A[2K📋 PASO 2: ABRIENDO FORMULARIO

[1A[2K══════════════════════════════════════════════════════════════════════════════════════════

[1A[2K➕ Abriendo formulario registrar sanción...

[1A[2K[chromium] › tests\casos-prueba\02-registrar-sancion.spec.ts:51:5 › 02-REGISTRAR SANCIÓN: 8 sanciones para 1 administrado
   ✅ RIS seleccionado: RIS 005-2019-MINEDU

[1A[2K   📋 Seleccionando tipo de infractor...

[1A[2K[chromium] › tests\casos-prueba\02-registrar-sancion.spec.ts:51:5 › 02-REGISTRAR SANCIÓN: 8 sanciones para 1 administrado
✅ Formulario abierto

[1A[2K[chromium] › tests\casos-prueba\02-registrar-sancion.spec.ts:51:5 › 02-REGISTRAR SANCIÓN: 8 sanciones para 1 administrado
   ✅ Tipo infractor seleccionado: 5.1 - Utilizar los Activos de la Universidad para fines distintos a los universitarios y/o prohibidos por la Ley Universitaria y el marco legal vigente.

[1A[2K  │    ✓ Multa marcada

[1A[2K  │    ✓ Monto: 1408607 SOLES

[1A[2K  │  ✅ GUARDADA (Detalle agregado 1/1)

[1A[2K  └───────────────────────────────────────────────────────────────────────────────────────────

[1A[2K[chromium] › tests\casos-prueba\02-registrar-sancion.spec.ts:51:5 › 02-REGISTRAR SANCIÓN: 8 sanciones para 1 administrado
  ✅ Formulario abierto


[1A[2K══════════════════════════════════════════════════════════════════════════════════════════

[1A[2K🎲 PASO 3: SELECCIONANDO ADMINISTRADO

[1A[2K══════════════════════════════════════════════════════════════════════════════════════════

[1A[2K🎲 Seleccionando administrado aleatorio...

[1A[2K   Paso 0: Abriendo dropdown...


[1A[2K[chromium] › tests\casos-prueba\02-registrar-sancion.spec.ts:51:5 › 02-REGISTRAR SANCIÓN: 8 sanciones para 1 administrado

  ✅ SANCIONES COMPLETADAS: 1/1


[1A[2K══════════════════════════════════════════════════════════════════════════════════════════

[1A[2K✅ PASO 9: GUARDANDO FORMULARIO FINAL

[1A[2K══════════════════════════════════════════════════════════════════════════════════════════

[1A[2K⏩ Captura omitida por SKIP_SCREENSHOTS=1

[1A[2K[chromium] › tests\casos-prueba\02-registrar-sancion.spec.ts:51:5 › 02-REGISTRAR SANCIÓN: 8 sanciones para 1 administrado
   Paso 1: Esperando panel del dropdown...

[1A[2K   ✓ Panel visible

[1A[2K   Paso 2: Esperando opciones...

[1A[2K   ✓ 586 opciones encontradas

[1A[2K   Paso 3: Seleccionando opción aleatoria...

[1A[2K   Opción 315/586: "COMERCIO NO GUBERNAMENTAL 78098 COOP."

[1A[2K   Paso 4: Clickeando opción...

[1A[2K   Paso 5: Esperando confirmación del cambio...

[1A[2K   ✅ Opción seleccionada y confirmada


[1A[2K  ✅ Administrado seleccionado: COMERCIO NO GUBERNAMENTAL 78098 COOP.


[1A[2K══════════════════════════════════════════════════════════════════════════════════════════

[1A[2K📝 PASO 4: DATOS BÁSICOS

[1A[2K══════════════════════════════════════════════════════════════════════════════════════════

[1A[2K  ✓ Expediente: Exp N° 4127-2026

[1A[2K  ✓ Resolución: Res N° 2652-2026

[1A[2K  ✓ Fecha: 04/01/2026


[1A[2K══════════════════════════════════════════════════════════════════════════════════════════

[1A[2K📁 PASO 5: SUBIENDO PDF

[1A[2K══════════════════════════════════════════════════════════════════════════════════════════

[1A[2K[chromium] › tests\casos-prueba\02-registrar-sancion.spec.ts:51:5 › 02-REGISTRAR SANCIÓN: 8 sanciones para 1 administrado
  ✅ Cabecera visible en listado: Exp N° 4358-2025 | Res N° 5707-2025

[1A[2K  ✅ Formulario guardado

[1A[2K⏩ Captura omitida por SKIP_SCREENSHOTS=1

[1A[2K⏩ Captura omitida por SKIP_SCREENSHOTS=1

[1A[2K
  ✅ TEST COMPLETADO - Sanciones: 1/1


[1A[2K  ✅ EXITOSO: 1/1 sanciones registradas

[1A[2K[8/12] [chromium] › tests\casos-prueba\02-registrar-sancion.spec.ts:51:5 › 02-REGISTRAR SANCIÓN: 8 sanciones para 1 administrado
[1A[2K[chromium] › tests\casos-prueba\02-registrar-sancion.spec.ts:51:5 › 02-REGISTRAR SANCIÓN: 8 sanciones para 1 administrado

================================================================================

[1A[2K⚖️ CASO 02: REGISTRAR SANCIÓN

[1A[2K================================================================================


[1A[2K
══════════════════════════════════════════════════════════════════════════════════════════

[1A[2K🔐 LOGIN Y NAVEGACIÓN

[1A[2K══════════════════════════════════════════════════════════════════════════════════════════

[1A[2K🔐 INICIALIZANDO SESIÓN Y NAVEGACIÓN...

[1A[2K🔁 Pool paralelo activo: 8 usuarios disponibles.

[1A[2K👥 Usuarios disponibles: lizvidal, lgvidalm, lgvidal, lgvm, lizividal, lizitavidal, pattyvidal, hannavidal

[1A[2K👤 Usuario asignado: hannavidal (worker 7)

[1A[2K[chromium] › tests\casos-prueba\02-registrar-sancion.spec.ts:51:5 › 02-REGISTRAR SANCIÓN: 8 sanciones para 1 administrado
  ✅ PDF subido


[1A[2K══════════════════════════════════════════════════════════════════════════════════════════

[1A[2K📋 PASO 6: MEDIDAS CORRECTIVAS

[1A[2K══════════════════════════════════════════════════════════════════════════════════════════

[1A[2K  ✓ Medida 1 agregada

[1A[2K  ✓ Medida 2 agregada

[1A[2K  ✅ Medidas ingresadas (guardado final al terminar las 8 sanciones)


[1A[2K══════════════════════════════════════════════════════════════════════════════════════════

[1A[2K📋 PASO 7: NAVEGANDO A DETALLE DE SANCIONES

[1A[2K══════════════════════════════════════════════════════════════════════════════════════════

[1A[2K  ✅ Tab seleccionado


[1A[2K══════════════════════════════════════════════════════════════════════════════════════════

[1A[2K⚖️  PASO 8: AGREGANDO 8 SANCIONES

[1A[2K══════════════════════════════════════════════════════════════════════════════════════════

[1A[2K  ℹ️ Registros del pipeline (repeatEach): 12 -> sanciones en este registro: 2

[1A[2K  ℹ️ Casos seleccionados: MULTA | CANCELACIÓN

[1A[2K
  ┌─ SANCIÓN 1/2: MULTA

[1A[2K  │  ✓ Modal abierto

[1A[2K   📋 Seleccionando RIS aplicable...

[1A[2K   ✅ RIS seleccionado: RIS 018-2015-MINEDU

[1A[2K   📋 Seleccionando tipo de infractor...

[1A[2K[chromium] › tests\casos-prueba\02-registrar-sancion.spec.ts:51:5 › 02-REGISTRAR SANCIÓN: 8 sanciones para 1 administrado
✅ Sesión iniciada

[1A[2K[chromium] › tests\casos-prueba\02-registrar-sancion.spec.ts:51:5 › 02-REGISTRAR SANCIÓN: 8 sanciones para 1 administrado
   ✅ Tipo infractor seleccionado: 15 - INFRACCION RELATIVA AL PROCESO DE ADECUACION DEL ESTATUTO DE LAS UNIVERSIDADES PRIVADAS

[1A[2K  │    ✓ Multa marcada

[1A[2K  3) [chromium] › tests\casos-prueba\02-registrar-sancion.spec.ts:51:5 › 02-REGISTRAR SANCIÓN: 8 sanciones para 1 administrado 

    Error: No se confirmó el guardado final del formulario (sin toast ni confirmación API).

      868 |   const requireFinalApiConfirmEffective = requireFinalApiConfirm;
      869 |   if (strictVerify) {
    > 870 |     if (!toastVisible && !apiFinalOk) {
          |             ^
      871 |       throw new Error('No se confirmó el guardado final del formulario (sin toast ni confirmación API).');
      872 |     }
      873 |     if (requireFinalApiConfirmEffective && !apiFinalOk) {
        at D:\SUNEDU\AUTOMATIZACION\REGINSA\tests\casos-prueba\02-registrar-sancion.spec.ts:870:13

    attachment #1: screenshot (image/png) ──────────────────────────────────────────────────────────
    test-results\casos-prueba-02-registrar--bdf13-nciones-para-1-administrado-chromium-repeat5\test-failed-1.png
    ────────────────────────────────────────────────────────────────────────────────────────────────

    attachment #2: video (video/webm) ──────────────────────────────────────────────────────────────
    test-results\casos-prueba-02-registrar--bdf13-nciones-para-1-administrado-chromium-repeat5\video.webm
    ────────────────────────────────────────────────────────────────────────────────────────────────

    Error Context: test-results\casos-prueba-02-registrar--bdf13-nciones-para-1-administrado-chromium-repeat5\error-context.md


[1A[2K  │    ✓ Monto: 351995 SOLES

[1A[2K  │  ✅ GUARDADA (Detalle agregado 1/2)

[1A[2K  └───────────────────────────────────────────────────────────────────────────────────────────

[1A[2K
  ┌─ SANCIÓN 2/2: CANCELACIÓN

[1A[2K[chromium] › tests\casos-prueba\02-registrar-sancion.spec.ts:51:5 › 02-REGISTRAR SANCIÓN: 8 sanciones para 1 administrado
✅ Módulo Infractor y Sanción cargado

[1A[2K[chromium] › tests\casos-prueba\02-registrar-sancion.spec.ts:51:5 › 02-REGISTRAR SANCIÓN: 8 sanciones para 1 administrado
  │  ✓ Modal abierto

[1A[2K   📋 Seleccionando RIS aplicable...

[1A[2K   ✅ RIS seleccionado: RIS 005-2019-MINEDU

[1A[2K   📋 Seleccionando tipo de infractor...

[1A[2K[chromium] › tests\casos-prueba\02-registrar-sancion.spec.ts:51:5 › 02-REGISTRAR SANCIÓN: 8 sanciones para 1 administrado
  ✅ Sesión iniciada y módulo cargado


[1A[2K══════════════════════════════════════════════════════════════════════════════════════════

[1A[2K📋 PASO 2: ABRIENDO FORMULARIO

[1A[2K══════════════════════════════════════════════════════════════════════════════════════════

[1A[2K➕ Abriendo formulario registrar sanción...

[1A[2K[chromium] › tests\casos-prueba\02-registrar-sancion.spec.ts:51:5 › 02-REGISTRAR SANCIÓN: 8 sanciones para 1 administrado
   ✅ Tipo infractor seleccionado: 7.11 - No registrar los trabajos de investigación para optar a grados académicos y títulos profesionales y/o los metadatos en sus repositorios institucionales o en el Repositorio Digital del Registro Nacional de Trabajos de Investigación-Renati, según corresponda.

[1A[2K  │    ✓ Cancelación marcada

[1A[2K[chromium] › tests\casos-prueba\02-registrar-sancion.spec.ts:51:5 › 02-REGISTRAR SANCIÓN: 8 sanciones para 1 administrado
✅ Formulario abierto

[1A[2K[chromium] › tests\casos-prueba\02-registrar-sancion.spec.ts:51:5 › 02-REGISTRAR SANCIÓN: 8 sanciones para 1 administrado
  │  ✅ GUARDADA (Detalle agregado 2/2)

[1A[2K  └───────────────────────────────────────────────────────────────────────────────────────────

[1A[2K[9/12] [chromium] › tests\casos-prueba\02-registrar-sancion.spec.ts:51:5 › 02-REGISTRAR SANCIÓN: 8 sanciones para 1 administrado
[1A[2K[chromium] › tests\casos-prueba\02-registrar-sancion.spec.ts:51:5 › 02-REGISTRAR SANCIÓN: 8 sanciones para 1 administrado

================================================================================

[1A[2K⚖️ CASO 02: REGISTRAR SANCIÓN

[1A[2K================================================================================


[1A[2K
══════════════════════════════════════════════════════════════════════════════════════════

[1A[2K🔐 LOGIN Y NAVEGACIÓN

[1A[2K══════════════════════════════════════════════════════════════════════════════════════════

[1A[2K🔐 INICIALIZANDO SESIÓN Y NAVEGACIÓN...

[1A[2K🔁 Pool paralelo activo: 8 usuarios disponibles.

[1A[2K👥 Usuarios disponibles: lizvidal, lgvidalm, lgvidal, lgvm, lizividal, lizitavidal, pattyvidal, hannavidal

[1A[2K👤 Usuario asignado: lizvidal (worker 8)

[1A[2K[chromium] › tests\casos-prueba\02-registrar-sancion.spec.ts:51:5 › 02-REGISTRAR SANCIÓN: 8 sanciones para 1 administrado

  ✅ SANCIONES COMPLETADAS: 2/2


[1A[2K══════════════════════════════════════════════════════════════════════════════════════════

[1A[2K✅ PASO 9: GUARDANDO FORMULARIO FINAL

[1A[2K══════════════════════════════════════════════════════════════════════════════════════════

[1A[2K⏩ Captura omitida por SKIP_SCREENSHOTS=1

[1A[2K[chromium] › tests\casos-prueba\02-registrar-sancion.spec.ts:51:5 › 02-REGISTRAR SANCIÓN: 8 sanciones para 1 administrado
  ✅ Formulario abierto


[1A[2K══════════════════════════════════════════════════════════════════════════════════════════

[1A[2K🎲 PASO 3: SELECCIONANDO ADMINISTRADO

[1A[2K══════════════════════════════════════════════════════════════════════════════════════════

[1A[2K🎲 Seleccionando administrado aleatorio...

[1A[2K   Paso 0: Abriendo dropdown...


[1A[2K   Paso 1: Esperando panel del dropdown...

[1A[2K   ✓ Panel visible

[1A[2K   Paso 2: Esperando opciones...

[1A[2K   ✓ 586 opciones encontradas

[1A[2K   Paso 3: Seleccionando opción aleatoria...

[1A[2K   Opción 326/586: "CORPORACION PARTICULAR 83557 S.C.R.L."

[1A[2K   Paso 4: Clickeando opción...

[1A[2K   Paso 5: Esperando confirmación del cambio...

[1A[2K   ✅ Opción seleccionada y confirmada


[1A[2K  ✅ Administrado seleccionado: CORPORACION PARTICULAR 83557 S.C.R.L.


[1A[2K══════════════════════════════════════════════════════════════════════════════════════════

[1A[2K📝 PASO 4: DATOS BÁSICOS

[1A[2K══════════════════════════════════════════════════════════════════════════════════════════

[1A[2K  ✓ Expediente: Exp N° 8351-2024

[1A[2K  ✓ Resolución: Res N° 4761-2024

[1A[2K[chromium] › tests\casos-prueba\02-registrar-sancion.spec.ts:51:5 › 02-REGISTRAR SANCIÓN: 8 sanciones para 1 administrado
✅ Sesión iniciada

[1A[2K[chromium] › tests\casos-prueba\02-registrar-sancion.spec.ts:51:5 › 02-REGISTRAR SANCIÓN: 8 sanciones para 1 administrado
  ✓ Fecha: 01/11/2024


[1A[2K══════════════════════════════════════════════════════════════════════════════════════════

[1A[2K📁 PASO 5: SUBIENDO PDF

[1A[2K══════════════════════════════════════════════════════════════════════════════════════════

[1A[2K[chromium] › tests\casos-prueba\02-registrar-sancion.spec.ts:51:5 › 02-REGISTRAR SANCIÓN: 8 sanciones para 1 administrado
✅ Módulo Infractor y Sanción cargado

[1A[2K  ✅ Sesión iniciada y módulo cargado


[1A[2K══════════════════════════════════════════════════════════════════════════════════════════

[1A[2K📋 PASO 2: ABRIENDO FORMULARIO

[1A[2K══════════════════════════════════════════════════════════════════════════════════════════

[1A[2K➕ Abriendo formulario registrar sanción...

[1A[2K✅ Formulario abierto

[1A[2K  ✅ Formulario abierto


[1A[2K══════════════════════════════════════════════════════════════════════════════════════════

[1A[2K🎲 PASO 3: SELECCIONANDO ADMINISTRADO

[1A[2K══════════════════════════════════════════════════════════════════════════════════════════

[1A[2K🎲 Seleccionando administrado aleatorio...

[1A[2K   Paso 0: Abriendo dropdown...


[1A[2K[chromium] › tests\casos-prueba\02-registrar-sancion.spec.ts:51:5 › 02-REGISTRAR SANCIÓN: 8 sanciones para 1 administrado
  ✅ Cabecera visible en listado: Exp N° 4127-2026 | Res N° 2652-2026

[1A[2K  ✅ Formulario guardado

[1A[2K[chromium] › tests\casos-prueba\02-registrar-sancion.spec.ts:51:5 › 02-REGISTRAR SANCIÓN: 8 sanciones para 1 administrado
  ✅ PDF subido


[1A[2K══════════════════════════════════════════════════════════════════════════════════════════

[1A[2K📋 PASO 6: MEDIDAS CORRECTIVAS

[1A[2K══════════════════════════════════════════════════════════════════════════════════════════

[1A[2K[chromium] › tests\casos-prueba\02-registrar-sancion.spec.ts:51:5 › 02-REGISTRAR SANCIÓN: 8 sanciones para 1 administrado
⏩ Captura omitida por SKIP_SCREENSHOTS=1

[1A[2K⏩ Captura omitida por SKIP_SCREENSHOTS=1

[1A[2K
  ✅ TEST COMPLETADO - Sanciones: 2/2


[1A[2K  ✅ EXITOSO: 2/2 sanciones registradas

[1A[2K[chromium] › tests\casos-prueba\02-registrar-sancion.spec.ts:51:5 › 02-REGISTRAR SANCIÓN: 8 sanciones para 1 administrado
  ✓ Medida 1 agregada

[1A[2K  ✓ Medida 2 agregada

[1A[2K  ✅ Medidas ingresadas (guardado final al terminar las 8 sanciones)


[1A[2K══════════════════════════════════════════════════════════════════════════════════════════

[1A[2K📋 PASO 7: NAVEGANDO A DETALLE DE SANCIONES

[1A[2K══════════════════════════════════════════════════════════════════════════════════════════

[1A[2K[chromium] › tests\casos-prueba\02-registrar-sancion.spec.ts:51:5 › 02-REGISTRAR SANCIÓN: 8 sanciones para 1 administrado
   Paso 1: Esperando panel del dropdown...

[1A[2K   ✓ Panel visible

[1A[2K   Paso 2: Esperando opciones...

[1A[2K   ✓ 586 opciones encontradas

[1A[2K   Paso 3: Seleccionando opción aleatoria...

[1A[2K   Opción 322/586: "CONSORCIO NACIONAL 87291 ASOC."

[1A[2K   Paso 4: Clickeando opción...

[1A[2K   Paso 5: Esperando confirmación del cambio...

[1A[2K   ✅ Opción seleccionada y confirmada


[1A[2K  ✅ Administrado seleccionado: CONSORCIO NACIONAL 87291 ASOC.


[1A[2K══════════════════════════════════════════════════════════════════════════════════════════

[1A[2K📝 PASO 4: DATOS BÁSICOS

[1A[2K══════════════════════════════════════════════════════════════════════════════════════════

[1A[2K  ✓ Expediente: Exp N° 3285-2026

[1A[2K  ✓ Resolución: Res N° 3940-2026

[1A[2K[10/12] [chromium] › tests\casos-prueba\02-registrar-sancion.spec.ts:51:5 › 02-REGISTRAR SANCIÓN: 8 sanciones para 1 administrado
[1A[2K[chromium] › tests\casos-prueba\02-registrar-sancion.spec.ts:51:5 › 02-REGISTRAR SANCIÓN: 8 sanciones para 1 administrado

================================================================================

[1A[2K⚖️ CASO 02: REGISTRAR SANCIÓN

[1A[2K================================================================================


[1A[2K
══════════════════════════════════════════════════════════════════════════════════════════

[1A[2K🔐 LOGIN Y NAVEGACIÓN

[1A[2K══════════════════════════════════════════════════════════════════════════════════════════

[1A[2K🔐 INICIALIZANDO SESIÓN Y NAVEGACIÓN...

[1A[2K🔁 Pool paralelo activo: 8 usuarios disponibles.

[1A[2K👥 Usuarios disponibles: lizvidal, lgvidalm, lgvidal, lgvm, lizividal, lizitavidal, pattyvidal, hannavidal

[1A[2K👤 Usuario asignado: lgvidalm (worker 9)

[1A[2K[chromium] › tests\casos-prueba\02-registrar-sancion.spec.ts:51:5 › 02-REGISTRAR SANCIÓN: 8 sanciones para 1 administrado
  ✅ Tab seleccionado


[1A[2K══════════════════════════════════════════════════════════════════════════════════════════

[1A[2K⚖️  PASO 8: AGREGANDO 8 SANCIONES

[1A[2K══════════════════════════════════════════════════════════════════════════════════════════

[1A[2K  ℹ️ Registros del pipeline (repeatEach): 12 -> sanciones en este registro: 1

[1A[2K  ℹ️ Casos seleccionados: CANCELACIÓN

[1A[2K
  ┌─ SANCIÓN 1/1: CANCELACIÓN

[1A[2K  │  ✓ Modal abierto

[1A[2K   📋 Seleccionando RIS aplicable...

[1A[2K[chromium] › tests\casos-prueba\02-registrar-sancion.spec.ts:51:5 › 02-REGISTRAR SANCIÓN: 8 sanciones para 1 administrado
  ✓ Fecha: 19/01/2026


[1A[2K══════════════════════════════════════════════════════════════════════════════════════════

[1A[2K📁 PASO 5: SUBIENDO PDF

[1A[2K══════════════════════════════════════════════════════════════════════════════════════════

[1A[2K[chromium] › tests\casos-prueba\02-registrar-sancion.spec.ts:51:5 › 02-REGISTRAR SANCIÓN: 8 sanciones para 1 administrado
   ✅ RIS seleccionado: RIS 005-2019-MINEDU

[1A[2K   📋 Seleccionando tipo de infractor...

[1A[2K   ✅ Tipo infractor seleccionado: 3.7 - No contar con un Programa de Servicio Social Universitario de conformidad con lo dispuesto en la Ley Universitaria.

[1A[2K  │    ✓ Cancelación marcada

[1A[2K  │  ✅ GUARDADA (Detalle agregado 1/1)

[1A[2K  └───────────────────────────────────────────────────────────────────────────────────────────

[1A[2K
  ✅ SANCIONES COMPLETADAS: 1/1


[1A[2K══════════════════════════════════════════════════════════════════════════════════════════

[1A[2K✅ PASO 9: GUARDANDO FORMULARIO FINAL

[1A[2K══════════════════════════════════════════════════════════════════════════════════════════

[1A[2K⏩ Captura omitida por SKIP_SCREENSHOTS=1

[1A[2K[chromium] › tests\casos-prueba\02-registrar-sancion.spec.ts:51:5 › 02-REGISTRAR SANCIÓN: 8 sanciones para 1 administrado
✅ Sesión iniciada

[1A[2K[chromium] › tests\casos-prueba\02-registrar-sancion.spec.ts:51:5 › 02-REGISTRAR SANCIÓN: 8 sanciones para 1 administrado
  ✅ PDF subido


[1A[2K══════════════════════════════════════════════════════════════════════════════════════════

[1A[2K📋 PASO 6: MEDIDAS CORRECTIVAS

[1A[2K══════════════════════════════════════════════════════════════════════════════════════════

[1A[2K  ✓ Medida 1 agregada

[1A[2K  ✓ Medida 2 agregada

[1A[2K  ✅ Medidas ingresadas (guardado final al terminar las 8 sanciones)


[1A[2K══════════════════════════════════════════════════════════════════════════════════════════

[1A[2K📋 PASO 7: NAVEGANDO A DETALLE DE SANCIONES

[1A[2K══════════════════════════════════════════════════════════════════════════════════════════

[1A[2K[chromium] › tests\casos-prueba\02-registrar-sancion.spec.ts:51:5 › 02-REGISTRAR SANCIÓN: 8 sanciones para 1 administrado
✅ Módulo Infractor y Sanción cargado

[1A[2K  ✅ Sesión iniciada y módulo cargado


[1A[2K══════════════════════════════════════════════════════════════════════════════════════════

[1A[2K📋 PASO 2: ABRIENDO FORMULARIO

[1A[2K══════════════════════════════════════════════════════════════════════════════════════════

[1A[2K➕ Abriendo formulario registrar sanción...

[1A[2K✅ Formulario abierto

[1A[2K  ✅ Formulario abierto


[1A[2K══════════════════════════════════════════════════════════════════════════════════════════

[1A[2K🎲 PASO 3: SELECCIONANDO ADMINISTRADO

[1A[2K══════════════════════════════════════════════════════════════════════════════════════════

[1A[2K🎲 Seleccionando administrado aleatorio...

[1A[2K   Paso 0: Abriendo dropdown...


[1A[2K[chromium] › tests\casos-prueba\02-registrar-sancion.spec.ts:51:5 › 02-REGISTRAR SANCIÓN: 8 sanciones para 1 administrado
  ✅ Tab seleccionado


[1A[2K══════════════════════════════════════════════════════════════════════════════════════════

[1A[2K⚖️  PASO 8: AGREGANDO 8 SANCIONES

[1A[2K══════════════════════════════════════════════════════════════════════════════════════════

[1A[2K  ℹ️ Registros del pipeline (repeatEach): 12 -> sanciones en este registro: 3

[1A[2K  ℹ️ Casos seleccionados: MULTA (UIT) + CANCELACIÓN | MULTA + SUSPENSIÓN | MULTA (UIT) + SUSPENSIÓN

[1A[2K
  ┌─ SANCIÓN 1/3: MULTA (UIT) + CANCELACIÓN

[1A[2K  │  ✓ Modal abierto

[1A[2K   📋 Seleccionando RIS aplicable...

[1A[2K   ✅ RIS seleccionado: RIS 005-2019-MINEDU

[1A[2K   📋 Seleccionando tipo de infractor...

[1A[2K   ✅ Tipo infractor seleccionado: 9.1 - Incumplir los pedidos de información, requerimientos o mandatos formulados por la Sunedu; proporcionar información falsa o enexacta, ocultar, destruir, o alterar cualquier documento que haya sido requerido.

[1A[2K  │    ✓ Multa marcada

[1A[2K  │    ✓ Cancelación marcada

[1A[2K  │    ✓ Monto: 202 UIT

[1A[2K  │  ✅ GUARDADA (Detalle agregado 1/3)

[1A[2K[chromium] › tests\casos-prueba\02-registrar-sancion.spec.ts:51:5 › 02-REGISTRAR SANCIÓN: 8 sanciones para 1 administrado
   Paso 1: Esperando panel del dropdown...

[1A[2K   ✓ Panel visible

[1A[2K   Paso 2: Esperando opciones...

[1A[2K   ✓ 586 opciones encontradas

[1A[2K   Paso 3: Seleccionando opción aleatoria...

[1A[2K   Opción 557/586: "SERVICIOS INTEGRALES INTERNACIONAL 88813 INVERSIONES S.A.C."

[1A[2K   Paso 4: Clickeando opción...

[1A[2K[chromium] › tests\casos-prueba\02-registrar-sancion.spec.ts:51:5 › 02-REGISTRAR SANCIÓN: 8 sanciones para 1 administrado
  └───────────────────────────────────────────────────────────────────────────────────────────

[1A[2K
  ┌─ SANCIÓN 2/3: MULTA + SUSPENSIÓN

[1A[2K[chromium] › tests\casos-prueba\02-registrar-sancion.spec.ts:51:5 › 02-REGISTRAR SANCIÓN: 8 sanciones para 1 administrado
   Paso 5: Esperando confirmación del cambio...

[1A[2K[chromium] › tests\casos-prueba\02-registrar-sancion.spec.ts:51:5 › 02-REGISTRAR SANCIÓN: 8 sanciones para 1 administrado
  │  ✓ Modal abierto

[1A[2K   📋 Seleccionando RIS aplicable...

[1A[2K[chromium] › tests\casos-prueba\02-registrar-sancion.spec.ts:51:5 › 02-REGISTRAR SANCIÓN: 8 sanciones para 1 administrado
   ✅ Opción seleccionada y confirmada


[1A[2K[chromium] › tests\casos-prueba\02-registrar-sancion.spec.ts:51:5 › 02-REGISTRAR SANCIÓN: 8 sanciones para 1 administrado
   ✅ RIS seleccionado: RIS 005-2019-MINEDU

[1A[2K   📋 Seleccionando tipo de infractor...

[1A[2K[chromium] › tests\casos-prueba\02-registrar-sancion.spec.ts:51:5 › 02-REGISTRAR SANCIÓN: 8 sanciones para 1 administrado
  ✅ Cabecera visible en listado: Exp N° 8351-2024 | Res N° 4761-2024

[1A[2K  ✅ Formulario guardado

[1A[2K[chromium] › tests\casos-prueba\02-registrar-sancion.spec.ts:51:5 › 02-REGISTRAR SANCIÓN: 8 sanciones para 1 administrado
  ✅ Administrado seleccionado: SERVICIOS INTEGRALES INTERNACIONAL 88813 INVERSIONES S.A.C.


[1A[2K══════════════════════════════════════════════════════════════════════════════════════════

[1A[2K📝 PASO 4: DATOS BÁSICOS

[1A[2K══════════════════════════════════════════════════════════════════════════════════════════

[1A[2K  ✓ Expediente: Exp N° 3089-2025

[1A[2K  ✓ Resolución: Res N° 1422-2025

[1A[2K[chromium] › tests\casos-prueba\02-registrar-sancion.spec.ts:51:5 › 02-REGISTRAR SANCIÓN: 8 sanciones para 1 administrado
⏩ Captura omitida por SKIP_SCREENSHOTS=1

[1A[2K⏩ Captura omitida por SKIP_SCREENSHOTS=1

[1A[2K
  ✅ TEST COMPLETADO - Sanciones: 1/1


[1A[2K  ✅ EXITOSO: 1/1 sanciones registradas

[1A[2K[chromium] › tests\casos-prueba\02-registrar-sancion.spec.ts:51:5 › 02-REGISTRAR SANCIÓN: 8 sanciones para 1 administrado
   ✅ Tipo infractor seleccionado: 5.7 - Distribuir y/o permitir la utilización, directa o indirecta, de los activos o excedentes generados por las universidades asociativas, entre sus miembros, promotores, personas naturales o jurídicas vinculadas económicamente a la universidad, en beneficio de estos o de un tercero.

[1A[2K  │    ✓ Multa marcada

[1A[2K  │    ✓ Suspensión marcada

[1A[2K  │    ✓ Monto: 1957124 SOLES

[1A[2K  │    ✓ Suspensión configurada

[1A[2K[chromium] › tests\casos-prueba\02-registrar-sancion.spec.ts:51:5 › 02-REGISTRAR SANCIÓN: 8 sanciones para 1 administrado
  ✓ Fecha: 30/11/2025


[1A[2K══════════════════════════════════════════════════════════════════════════════════════════

[1A[2K📁 PASO 5: SUBIENDO PDF

[1A[2K══════════════════════════════════════════════════════════════════════════════════════════

[1A[2K[11/12] [chromium] › tests\casos-prueba\02-registrar-sancion.spec.ts:51:5 › 02-REGISTRAR SANCIÓN: 8 sanciones para 1 administrado
[1A[2K[chromium] › tests\casos-prueba\02-registrar-sancion.spec.ts:51:5 › 02-REGISTRAR SANCIÓN: 8 sanciones para 1 administrado

================================================================================

[1A[2K⚖️ CASO 02: REGISTRAR SANCIÓN

[1A[2K================================================================================


[1A[2K
══════════════════════════════════════════════════════════════════════════════════════════

[1A[2K🔐 LOGIN Y NAVEGACIÓN

[1A[2K══════════════════════════════════════════════════════════════════════════════════════════

[1A[2K🔐 INICIALIZANDO SESIÓN Y NAVEGACIÓN...

[1A[2K🔁 Pool paralelo activo: 8 usuarios disponibles.

[1A[2K👥 Usuarios disponibles: lizvidal, lgvidalm, lgvidal, lgvm, lizividal, lizitavidal, pattyvidal, hannavidal

[1A[2K👤 Usuario asignado: lgvidal (worker 10)

[1A[2K[chromium] › tests\casos-prueba\02-registrar-sancion.spec.ts:51:5 › 02-REGISTRAR SANCIÓN: 8 sanciones para 1 administrado
  ✅ PDF subido


[1A[2K══════════════════════════════════════════════════════════════════════════════════════════

[1A[2K📋 PASO 6: MEDIDAS CORRECTIVAS

[1A[2K══════════════════════════════════════════════════════════════════════════════════════════

[1A[2K  ✓ Medida 1 agregada

[1A[2K  ✓ Medida 2 agregada

[1A[2K  ✅ Medidas ingresadas (guardado final al terminar las 8 sanciones)


[1A[2K══════════════════════════════════════════════════════════════════════════════════════════

[1A[2K📋 PASO 7: NAVEGANDO A DETALLE DE SANCIONES

[1A[2K══════════════════════════════════════════════════════════════════════════════════════════

[1A[2K[chromium] › tests\casos-prueba\02-registrar-sancion.spec.ts:51:5 › 02-REGISTRAR SANCIÓN: 8 sanciones para 1 administrado
✅ Sesión iniciada

[1A[2K[chromium] › tests\casos-prueba\02-registrar-sancion.spec.ts:51:5 › 02-REGISTRAR SANCIÓN: 8 sanciones para 1 administrado
  ✅ Tab seleccionado


[1A[2K══════════════════════════════════════════════════════════════════════════════════════════

[1A[2K⚖️  PASO 8: AGREGANDO 8 SANCIONES

[1A[2K══════════════════════════════════════════════════════════════════════════════════════════

[1A[2K  ℹ️ Registros del pipeline (repeatEach): 12 -> sanciones en este registro: 3

[1A[2K  ℹ️ Casos seleccionados: MULTA (UIT) | MULTA (UIT) + SUSPENSIÓN | SUSPENSIÓN

[1A[2K
  ┌─ SANCIÓN 1/3: MULTA (UIT)

[1A[2K  │  ✓ Modal abierto

[1A[2K   📋 Seleccionando RIS aplicable...

[1A[2K[chromium] › tests\casos-prueba\02-registrar-sancion.spec.ts:51:5 › 02-REGISTRAR SANCIÓN: 8 sanciones para 1 administrado
✅ Módulo Infractor y Sanción cargado

[1A[2K[chromium] › tests\casos-prueba\02-registrar-sancion.spec.ts:51:5 › 02-REGISTRAR SANCIÓN: 8 sanciones para 1 administrado
   ✅ RIS seleccionado: RIS 005-2019-MINEDU

[1A[2K   📋 Seleccionando tipo de infractor...

[1A[2K[chromium] › tests\casos-prueba\02-registrar-sancion.spec.ts:51:5 › 02-REGISTRAR SANCIÓN: 8 sanciones para 1 administrado
  ✅ Sesión iniciada y módulo cargado


[1A[2K══════════════════════════════════════════════════════════════════════════════════════════

[1A[2K📋 PASO 2: ABRIENDO FORMULARIO

[1A[2K══════════════════════════════════════════════════════════════════════════════════════════

[1A[2K➕ Abriendo formulario registrar sanción...

[1A[2K[chromium] › tests\casos-prueba\02-registrar-sancion.spec.ts:51:5 › 02-REGISTRAR SANCIÓN: 8 sanciones para 1 administrado
   ✅ Tipo infractor seleccionado: 3.6 - Permitir la matrícula de estudiantes que presentan deficiencias en el rendimiento académico, en contra de lo dispuesto en el artículo 102 de la Ley Universitaria.

[1A[2K  │    ✓ Multa marcada

[1A[2K[chromium] › tests\casos-prueba\02-registrar-sancion.spec.ts:51:5 › 02-REGISTRAR SANCIÓN: 8 sanciones para 1 administrado
✅ Formulario abierto

[1A[2K[chromium] › tests\casos-prueba\02-registrar-sancion.spec.ts:51:5 › 02-REGISTRAR SANCIÓN: 8 sanciones para 1 administrado
  │    ✓ Monto: 58 UIT

[1A[2K  │  ✅ GUARDADA (Detalle agregado 1/3)

[1A[2K  └───────────────────────────────────────────────────────────────────────────────────────────

[1A[2K
  ┌─ SANCIÓN 2/3: MULTA (UIT) + SUSPENSIÓN

[1A[2K  │  ✓ Modal abierto

[1A[2K   📋 Seleccionando RIS aplicable...

[1A[2K   ✅ RIS seleccionado: RIS 018-2015-MINEDU

[1A[2K   📋 Seleccionando tipo de infractor...

[1A[2K[chromium] › tests\casos-prueba\02-registrar-sancion.spec.ts:51:5 › 02-REGISTRAR SANCIÓN: 8 sanciones para 1 administrado
  ✅ Formulario abierto


[1A[2K══════════════════════════════════════════════════════════════════════════════════════════

[1A[2K🎲 PASO 3: SELECCIONANDO ADMINISTRADO

[1A[2K══════════════════════════════════════════════════════════════════════════════════════════

[1A[2K🎲 Seleccionando administrado aleatorio...

[1A[2K   Paso 0: Abriendo dropdown...


[1A[2K[chromium] › tests\casos-prueba\02-registrar-sancion.spec.ts:51:5 › 02-REGISTRAR SANCIÓN: 8 sanciones para 1 administrado
   ✅ Tipo infractor seleccionado: 6.11 - Brindar y/o realizar el dictado de doctorados con menos de sesenta y cuatro (64) créditos académicos.

[1A[2K  │    ✓ Multa marcada

[1A[2K  │    ✓ Suspensión marcada

[1A[2K  │    ✓ Monto: 232 UIT

[1A[2K  │    ✓ Suspensión configurada

[1A[2K[chromium] › tests\casos-prueba\02-registrar-sancion.spec.ts:51:5 › 02-REGISTRAR SANCIÓN: 8 sanciones para 1 administrado
   Paso 1: Esperando panel del dropdown...

[1A[2K   ✓ Panel visible

[1A[2K   Paso 2: Esperando opciones...

[1A[2K   ✓ 586 opciones encontradas

[1A[2K   Paso 3: Seleccionando opción aleatoria...

[1A[2K   Opción 331/586: "COMERCIO NO GUBERNAMENTAL 27632 CORP. S.A.C."

[1A[2K   Paso 4: Clickeando opción...

[1A[2K   Paso 5: Esperando confirmación del cambio...

[1A[2K   ✅ Opción seleccionada y confirmada


[1A[2K  ✅ Administrado seleccionado: COMERCIO NO GUBERNAMENTAL 27632 CORP. S.A.C.


[1A[2K══════════════════════════════════════════════════════════════════════════════════════════

[1A[2K📝 PASO 4: DATOS BÁSICOS

[1A[2K══════════════════════════════════════════════════════════════════════════════════════════

[1A[2K  ✓ Expediente: Exp N° 3332-2025

[1A[2K  ✓ Resolución: Res N° 5654-2025

[1A[2K  ✓ Fecha: 12/02/2025


[1A[2K══════════════════════════════════════════════════════════════════════════════════════════

[1A[2K📁 PASO 5: SUBIENDO PDF

[1A[2K══════════════════════════════════════════════════════════════════════════════════════════

[1A[2K  ✅ PDF subido


[1A[2K══════════════════════════════════════════════════════════════════════════════════════════

[1A[2K📋 PASO 6: MEDIDAS CORRECTIVAS

[1A[2K══════════════════════════════════════════════════════════════════════════════════════════

[1A[2K  ✓ Medida 1 agregada

[1A[2K  ✓ Medida 2 agregada

[1A[2K  ✅ Medidas ingresadas (guardado final al terminar las 8 sanciones)


[1A[2K══════════════════════════════════════════════════════════════════════════════════════════

[1A[2K📋 PASO 7: NAVEGANDO A DETALLE DE SANCIONES

[1A[2K══════════════════════════════════════════════════════════════════════════════════════════

[1A[2K  ✅ Tab seleccionado


[1A[2K══════════════════════════════════════════════════════════════════════════════════════════

[1A[2K⚖️  PASO 8: AGREGANDO 8 SANCIONES

[1A[2K══════════════════════════════════════════════════════════════════════════════════════════

[1A[2K  ℹ️ Registros del pipeline (repeatEach): 12 -> sanciones en este registro: 2

[1A[2K  ℹ️ Casos seleccionados: MULTA + SUSPENSIÓN | MULTA (UIT)

[1A[2K
  ┌─ SANCIÓN 1/2: MULTA + SUSPENSIÓN

[1A[2K  │  ✓ Modal abierto

[1A[2K   📋 Seleccionando RIS aplicable...

[1A[2K   ✅ RIS seleccionado: RIS 018-2015-MINEDU

[1A[2K   📋 Seleccionando tipo de infractor...

[1A[2K   ✅ Tipo infractor seleccionado: 9.2 - Elegir o constituir, según corresponda, a las instancias de gobierno y/o autoridades de la universidad pública sin observar los requisitos establecidos en la Ley N° 30220.

[1A[2K  │    ✓ Multa marcada

[1A[2K  │    ✓ Suspensión marcada

[1A[2K  │    ✓ Monto: 1845926 SOLES

[1A[2K  │    ✓ Suspensión configurada

[1A[2K[chromium] › tests\casos-prueba\02-registrar-sancion.spec.ts:51:5 › 02-REGISTRAR SANCIÓN: 8 sanciones para 1 administrado
  │  ✅ GUARDADA (Detalle agregado 2/3)

[1A[2K  └───────────────────────────────────────────────────────────────────────────────────────────

[1A[2K
  ┌─ SANCIÓN 3/3: SUSPENSIÓN

[1A[2K  │  ✓ Modal abierto

[1A[2K   📋 Seleccionando RIS aplicable...

[1A[2K   ✅ RIS seleccionado: RIS 018-2015-MINEDU

[1A[2K   📋 Seleccionando tipo de infractor...

[1A[2K   ✅ Tipo infractor seleccionado: 16.2 - No presentar en su oportunidad la información y/o documentación requerida por la SUNEDU, o hacerlo sin observar lo dispuesto en las normas que establezca la SUNEDU.

[1A[2K  │    ✓ Suspensión marcada

[1A[2K  │    ✓ Suspensión configurada

[1A[2K  │  ✅ GUARDADA (Detalle agregado 3/3)

[1A[2K  └───────────────────────────────────────────────────────────────────────────────────────────

[1A[2K
  ✅ SANCIONES COMPLETADAS: 3/3


[1A[2K══════════════════════════════════════════════════════════════════════════════════════════

[1A[2K✅ PASO 9: GUARDANDO FORMULARIO FINAL

[1A[2K══════════════════════════════════════════════════════════════════════════════════════════

[1A[2K⏩ Captura omitida por SKIP_SCREENSHOTS=1

[1A[2K[chromium] › tests\casos-prueba\02-registrar-sancion.spec.ts:51:5 › 02-REGISTRAR SANCIÓN: 8 sanciones para 1 administrado
  │  ✅ GUARDADA (Detalle agregado 2/3)

[1A[2K  └───────────────────────────────────────────────────────────────────────────────────────────

[1A[2K
  ┌─ SANCIÓN 3/3: MULTA (UIT) + SUSPENSIÓN

[1A[2K  │  ✓ Modal abierto

[1A[2K   📋 Seleccionando RIS aplicable...

[1A[2K   ✅ RIS seleccionado: RIS 005-2019-MINEDU

[1A[2K   📋 Seleccionando tipo de infractor...

[1A[2K   ✅ Tipo infractor seleccionado: 1.3 - Operar como promotora de más de una institución universitaria.

[1A[2K  │    ✓ Multa marcada

[1A[2K  │    ✓ Suspensión marcada

[1A[2K  │    ✓ Monto: 39 UIT

[1A[2K  │    ✓ Suspensión configurada

[1A[2K[chromium] › tests\casos-prueba\02-registrar-sancion.spec.ts:51:5 › 02-REGISTRAR SANCIÓN: 8 sanciones para 1 administrado
  ✅ Cabecera visible en listado: Exp N° 3089-2025 | Res N° 1422-2025

[1A[2K  ✅ Formulario guardado

[1A[2K⏩ Captura omitida por SKIP_SCREENSHOTS=1

[1A[2K⏩ Captura omitida por SKIP_SCREENSHOTS=1

[1A[2K
  ✅ TEST COMPLETADO - Sanciones: 3/3


[1A[2K  ✅ EXITOSO: 3/3 sanciones registradas

[1A[2K[12/12] [chromium] › tests\casos-prueba\02-registrar-sancion.spec.ts:51:5 › 02-REGISTRAR SANCIÓN: 8 sanciones para 1 administrado
[1A[2K[chromium] › tests\casos-prueba\02-registrar-sancion.spec.ts:51:5 › 02-REGISTRAR SANCIÓN: 8 sanciones para 1 administrado

================================================================================

[1A[2K⚖️ CASO 02: REGISTRAR SANCIÓN

[1A[2K================================================================================


[1A[2K
══════════════════════════════════════════════════════════════════════════════════════════

[1A[2K🔐 LOGIN Y NAVEGACIÓN

[1A[2K══════════════════════════════════════════════════════════════════════════════════════════

[1A[2K🔐 INICIALIZANDO SESIÓN Y NAVEGACIÓN...

[1A[2K🔁 Pool paralelo activo: 8 usuarios disponibles.

[1A[2K👥 Usuarios disponibles: lizvidal, lgvidalm, lgvidal, lgvm, lizividal, lizitavidal, pattyvidal, hannavidal

[1A[2K👤 Usuario asignado: lgvm (worker 11)

[1A[2K✅ Sesión iniciada

[1A[2K✅ Módulo Infractor y Sanción cargado

[1A[2K  ✅ Sesión iniciada y módulo cargado


[1A[2K══════════════════════════════════════════════════════════════════════════════════════════

[1A[2K📋 PASO 2: ABRIENDO FORMULARIO

[1A[2K══════════════════════════════════════════════════════════════════════════════════════════

[1A[2K➕ Abriendo formulario registrar sanción...

[1A[2K✅ Formulario abierto

[1A[2K  ✅ Formulario abierto


[1A[2K══════════════════════════════════════════════════════════════════════════════════════════

[1A[2K🎲 PASO 3: SELECCIONANDO ADMINISTRADO

[1A[2K══════════════════════════════════════════════════════════════════════════════════════════

[1A[2K🎲 Seleccionando administrado aleatorio...

[1A[2K   Paso 0: Abriendo dropdown...


[1A[2K   Paso 1: Esperando panel del dropdown...

[1A[2K   ✓ Panel visible

[1A[2K   Paso 2: Esperando opciones...

[1A[2K   ✓ 586 opciones encontradas

[1A[2K   Paso 3: Seleccionando opción aleatoria...

[1A[2K   Opción 100/586: "UNIVERSIDAD AUTONOMA SAN FRANCISCO"

[1A[2K   Paso 4: Clickeando opción...

[1A[2K   Paso 5: Esperando confirmación del cambio...

[1A[2K   ✅ Opción seleccionada y confirmada


[1A[2K  ✅ Administrado seleccionado: UNIVERSIDAD AUTONOMA SAN FRANCISCO


[1A[2K══════════════════════════════════════════════════════════════════════════════════════════

[1A[2K📝 PASO 4: DATOS BÁSICOS

[1A[2K══════════════════════════════════════════════════════════════════════════════════════════

[1A[2K  ✓ Expediente: Exp N° 178-2025

[1A[2K  ✓ Resolución: Res N° 1422-2025

[1A[2K  ✓ Fecha: 11/04/2025


[1A[2K══════════════════════════════════════════════════════════════════════════════════════════

[1A[2K📁 PASO 5: SUBIENDO PDF

[1A[2K══════════════════════════════════════════════════════════════════════════════════════════

[1A[2K[chromium] › tests\casos-prueba\02-registrar-sancion.spec.ts:51:5 › 02-REGISTRAR SANCIÓN: 8 sanciones para 1 administrado
  │  ✅ GUARDADA (Detalle agregado 1/2)

[1A[2K  └───────────────────────────────────────────────────────────────────────────────────────────

[1A[2K
  ┌─ SANCIÓN 2/2: MULTA (UIT)

[1A[2K  │  ✓ Modal abierto

[1A[2K   📋 Seleccionando RIS aplicable...

[1A[2K   ✅ RIS seleccionado: RIS 005-2019-MINEDU

[1A[2K   📋 Seleccionando tipo de infractor...

[1A[2K   ✅ Tipo infractor seleccionado: 8.5 - No informar a la Sunedu el plazo de cese de actividades como consecuencia de la denegatoria o cancelación de la licencia; o, no remitir información sobre los estudiantes matriculados, egresados, graduados o titulados, así como de los convenios de traslado o reubicación de estudiantes, en la forma y plazos establecidos.

[1A[2K  │    ✓ Multa marcada

[1A[2K  │    ✓ Monto: 33 UIT

[1A[2K  │  ✅ GUARDADA (Detalle agregado 2/2)

[1A[2K  └───────────────────────────────────────────────────────────────────────────────────────────

[1A[2K[chromium] › tests\casos-prueba\02-registrar-sancion.spec.ts:51:5 › 02-REGISTRAR SANCIÓN: 8 sanciones para 1 administrado
  ✅ PDF subido


[1A[2K══════════════════════════════════════════════════════════════════════════════════════════

[1A[2K📋 PASO 6: MEDIDAS CORRECTIVAS

[1A[2K══════════════════════════════════════════════════════════════════════════════════════════

[1A[2K[chromium] › tests\casos-prueba\02-registrar-sancion.spec.ts:51:5 › 02-REGISTRAR SANCIÓN: 8 sanciones para 1 administrado

  ✅ SANCIONES COMPLETADAS: 2/2


[1A[2K══════════════════════════════════════════════════════════════════════════════════════════

[1A[2K✅ PASO 9: GUARDANDO FORMULARIO FINAL

[1A[2K══════════════════════════════════════════════════════════════════════════════════════════

[1A[2K⏩ Captura omitida por SKIP_SCREENSHOTS=1

[1A[2K[chromium] › tests\casos-prueba\02-registrar-sancion.spec.ts:51:5 › 02-REGISTRAR SANCIÓN: 8 sanciones para 1 administrado
  ✓ Medida 1 agregada

[1A[2K  ✓ Medida 2 agregada

[1A[2K  ✅ Medidas ingresadas (guardado final al terminar las 8 sanciones)


[1A[2K══════════════════════════════════════════════════════════════════════════════════════════

[1A[2K📋 PASO 7: NAVEGANDO A DETALLE DE SANCIONES

[1A[2K══════════════════════════════════════════════════════════════════════════════════════════

[1A[2K  ✅ Tab seleccionado


[1A[2K══════════════════════════════════════════════════════════════════════════════════════════

[1A[2K⚖️  PASO 8: AGREGANDO 8 SANCIONES

[1A[2K══════════════════════════════════════════════════════════════════════════════════════════

[1A[2K  ℹ️ Registros del pipeline (repeatEach): 12 -> sanciones en este registro: 2

[1A[2K  ℹ️ Casos seleccionados: MULTA (UIT) + SUSPENSIÓN | MULTA (UIT)

[1A[2K
  ┌─ SANCIÓN 1/2: MULTA (UIT) + SUSPENSIÓN

[1A[2K  │  ✓ Modal abierto

[1A[2K   📋 Seleccionando RIS aplicable...

[1A[2K   ✅ RIS seleccionado: RIS 005-2019-MINEDU

[1A[2K   📋 Seleccionando tipo de infractor...

[1A[2K   ✅ Tipo infractor seleccionado: 6.7 - No contar con mecanismos, o contando con ellos no aplicarlos, para la protección de los derechos de los docentes reconocidos en la Ley Universitaria, los estatutos adecuados a Ley o normativa interna.

[1A[2K  │    ✓ Multa marcada

[1A[2K  │    ✓ Suspensión marcada

[1A[2K  │    ✓ Monto: 281 UIT

[1A[2K  │    ✓ Suspensión configurada

[1A[2K[chromium] › tests\casos-prueba\02-registrar-sancion.spec.ts:51:5 › 02-REGISTRAR SANCIÓN: 8 sanciones para 1 administrado
  ✅ Cabecera visible en listado: Exp N° 3332-2025 | Res N° 5654-2025

[1A[2K  ✅ Formulario guardado

[1A[2K⏩ Captura omitida por SKIP_SCREENSHOTS=1

[1A[2K⏩ Captura omitida por SKIP_SCREENSHOTS=1

[1A[2K
  ✅ TEST COMPLETADO - Sanciones: 2/2


[1A[2K  ✅ EXITOSO: 2/2 sanciones registradas

[1A[2K[chromium] › tests\casos-prueba\02-registrar-sancion.spec.ts:51:5 › 02-REGISTRAR SANCIÓN: 8 sanciones para 1 administrado
  │  ✅ GUARDADA (Detalle agregado 3/3)

[1A[2K  └───────────────────────────────────────────────────────────────────────────────────────────

[1A[2K
  ✅ SANCIONES COMPLETADAS: 3/3


[1A[2K══════════════════════════════════════════════════════════════════════════════════════════

[1A[2K✅ PASO 9: GUARDANDO FORMULARIO FINAL

[1A[2K══════════════════════════════════════════════════════════════════════════════════════════

[1A[2K⏩ Captura omitida por SKIP_SCREENSHOTS=1

[1A[2K  ✅ Cabecera visible en listado: Exp N° 3285-2026 | Res N° 3940-2026

[1A[2K  ✅ Formulario guardado

[1A[2K⏩ Captura omitida por SKIP_SCREENSHOTS=1

[1A[2K⏩ Captura omitida por SKIP_SCREENSHOTS=1

[1A[2K
  ✅ TEST COMPLETADO - Sanciones: 3/3


[1A[2K  ✅ EXITOSO: 3/3 sanciones registradas

[1A[2K[chromium] › tests\casos-prueba\02-registrar-sancion.spec.ts:51:5 › 02-REGISTRAR SANCIÓN: 8 sanciones para 1 administrado
  │  ✅ GUARDADA (Detalle agregado 1/2)

[1A[2K  └───────────────────────────────────────────────────────────────────────────────────────────

[1A[2K
  ┌─ SANCIÓN 2/2: MULTA (UIT)

[1A[2K  │  ✓ Modal abierto

[1A[2K   📋 Seleccionando RIS aplicable...

[1A[2K   ✅ RIS seleccionado: RIS 018-2015-MINEDU

[1A[2K   📋 Seleccionando tipo de infractor...

[1A[2K   ✅ Tipo infractor seleccionado: 10.4 - Omitir la presentación de los diplomas de grados académicos y títulos profesionales para su inscripción en el Registro Nacional de Grados y Títulos.

[1A[2K  │    ✓ Multa marcada

[1A[2K  │    ✓ Monto: 216 UIT

[1A[2K  │  ✅ GUARDADA (Detalle agregado 2/2)

[1A[2K  └───────────────────────────────────────────────────────────────────────────────────────────

[1A[2K
  ✅ SANCIONES COMPLETADAS: 2/2


[1A[2K══════════════════════════════════════════════════════════════════════════════════════════

[1A[2K✅ PASO 9: GUARDANDO FORMULARIO FINAL

[1A[2K══════════════════════════════════════════════════════════════════════════════════════════

[1A[2K⏩ Captura omitida por SKIP_SCREENSHOTS=1

[1A[2K  ✅ Cabecera visible en listado: Exp N° 178-2025 | Res N° 1422-2025

[1A[2K  ✅ Formulario guardado

[1A[2K⏩ Captura omitida por SKIP_SCREENSHOTS=1

[1A[2K⏩ Captura omitida por SKIP_SCREENSHOTS=1

[1A[2K
  ✅ TEST COMPLETADO - Sanciones: 2/2


[1A[2K  ✅ EXITOSO: 2/2 sanciones registradas

[1A[2K  3 failed
    [chromium] › tests\casos-prueba\02-registrar-sancion.spec.ts:51:5 › 02-REGISTRAR SANCIÓN: 8 sanciones para 1 administrado 
    [chromium] › tests\casos-prueba\02-registrar-sancion.spec.ts:51:5 › 02-REGISTRAR SANCIÓN: 8 sanciones para 1 administrado 
    [chromium] › tests\casos-prueba\02-registrar-sancion.spec.ts:51:5 › 02-REGISTRAR SANCIÓN: 8 sanciones para 1 administrado 
  9 passed (6.4m)

To open last HTML report run:
[36m[39m
[36m  npx playwright show-report[39m
[36m[39m
Generando y abriendo reportes...
Generando reporte Allure...
Report successfully generated to allure-report
Abriendo Playwright report: D:\SUNEDU\AUTOMATIZACION\REGINSA\playwright-report\index.html
Abriendo Allure report por servidor local...
